[1mApache Maven 3.9.9[m
Maven home: /usr/share/maven
Java version: 21.0.11, vendor: Debian, runtime: /usr/lib/jvm/java-21-openjdk-amd64
Default locale: en_US, platform encoding: UTF-8
OS name: "linux", version: "7.0.7+deb14-amd64", arch: "amd64", family: "unix"
[[1;36mDEBUG[m] Created new class realm maven.api
[[1;36mDEBUG[m] Importing foreign packages into class realm maven.api
[[1;36mDEBUG[m]   Imported: javax.annotation.* < plexus.core
[[1;36mDEBUG[m]   Imported: javax.annotation.security.* < plexus.core
[[1;36mDEBUG[m]   Imported: javax.inject.* < plexus.core
[[1;36mDEBUG[m]   Imported: org.apache.maven.* < plexus.core
[[1;36mDEBUG[m]   Imported: org.apache.maven.artifact < plexus.core
[[1;36mDEBUG[m]   Imported: org.apache.maven.classrealm < plexus.core
[[1;36mDEBUG[m]   Imported: org.apache.maven.cli < plexus.core
[[1;36mDEBUG[m]   Imported: org.apache.maven.configuration < plexus.core
[[1;36mDEBUG[m]   Imported: org.apache.maven.exception < plexus.core
[[1;36mDEBUG[m]   Imported: org.apache.maven.execution < plexus.core
[[1;36mDEBUG[m]   Imported: org.apache.maven.execution.scope < plexus.core
[[1;36mDEBUG[m]   Imported: org.apache.maven.graph < plexus.core
[[1;36mDEBUG[m]   Imported: org.apache.maven.lifecycle < plexus.core
[[1;36mDEBUG[m]   Imported: org.apache.maven.model < plexus.core
[[1;36mDEBUG[m]   Imported: org.apache.maven.monitor < plexus.core
[[1;36mDEBUG[m]   Imported: org.apache.maven.plugin < plexus.core
[[1;36mDEBUG[m]   Imported: org.apache.maven.profiles < plexus.core
[[1;36mDEBUG[m]   Imported: org.apache.maven.project < plexus.core
[[1;36mDEBUG[m]   Imported: org.apache.maven.reporting < plexus.core
[[1;36mDEBUG[m]   Imported: org.apache.maven.repository < plexus.core
[[1;36mDEBUG[m]   Imported: org.apache.maven.rtinfo < plexus.core
[[1;36mDEBUG[m]   Imported: org.apache.maven.settings < plexus.core
[[1;36mDEBUG[m]   Imported: org.apache.maven.toolchain < plexus.core
[[1;36mDEBUG[m]   Imported: org.apache.maven.usability < plexus.core
[[1;36mDEBUG[m]   Imported: org.apache.maven.wagon.* < plexus.core
[[1;36mDEBUG[m]   Imported: org.apache.maven.wagon.authentication < plexus.core
[[1;36mDEBUG[m]   Imported: org.apache.maven.wagon.authorization < plexus.core
[[1;36mDEBUG[m]   Imported: org.apache.maven.wagon.events < plexus.core
[[1;36mDEBUG[m]   Imported: org.apache.maven.wagon.observers < plexus.core
[[1;36mDEBUG[m]   Imported: org.apache.maven.wagon.proxy < plexus.core
[[1;36mDEBUG[m]   Imported: org.apache.maven.wagon.repository < plexus.core
[[1;36mDEBUG[m]   Imported: org.apache.maven.wagon.resource < plexus.core
[[1;36mDEBUG[m]   Imported: org.codehaus.classworlds < plexus.core
[[1;36mDEBUG[m]   Imported: org.codehaus.plexus.* < plexus.core
[[1;36mDEBUG[m]   Imported: org.codehaus.plexus.classworlds < plexus.core
[[1;36mDEBUG[m]   Imported: org.codehaus.plexus.component < plexus.core
[[1;36mDEBUG[m]   Imported: org.codehaus.plexus.configuration < plexus.core
[[1;36mDEBUG[m]   Imported: org.codehaus.plexus.container < plexus.core
[[1;36mDEBUG[m]   Imported: org.codehaus.plexus.context < plexus.core
[[1;36mDEBUG[m]   Imported: org.codehaus.plexus.lifecycle < plexus.core
[[1;36mDEBUG[m]   Imported: org.codehaus.plexus.logging < plexus.core
[[1;36mDEBUG[m]   Imported: org.codehaus.plexus.personality < plexus.core
[[1;36mDEBUG[m]   Imported: org.codehaus.plexus.util.xml.Xpp3Dom < plexus.core
[[1;36mDEBUG[m]   Imported: org.codehaus.plexus.util.xml.pull.XmlPullParser < plexus.core
[[1;36mDEBUG[m]   Imported: org.codehaus.plexus.util.xml.pull.XmlPullParserException < plexus.core
[[1;36mDEBUG[m]   Imported: org.codehaus.plexus.util.xml.pull.XmlSerializer < plexus.core
[[1;36mDEBUG[m]   Imported: org.eclipse.aether.* < plexus.core
[[1;36mDEBUG[m]   Imported: org.eclipse.aether.artifact < plexus.core
[[1;36mDEBUG[m]   Imported: org.eclipse.aether.collection < plexus.core
[[1;36mDEBUG[m]   Imported: org.eclipse.aether.deployment < plexus.core
[[1;36mDEBUG[m]   Imported: org.eclipse.aether.graph < plexus.core
[[1;36mDEBUG[m]   Imported: org.eclipse.aether.impl < plexus.core
[[1;36mDEBUG[m]   Imported: org.eclipse.aether.installation < plexus.core
[[1;36mDEBUG[m]   Imported: org.eclipse.aether.internal.impl < plexus.core
[[1;36mDEBUG[m]   Imported: org.eclipse.aether.metadata < plexus.core
[[1;36mDEBUG[m]   Imported: org.eclipse.aether.repository < plexus.core
[[1;36mDEBUG[m]   Imported: org.eclipse.aether.resolution < plexus.core
[[1;36mDEBUG[m]   Imported: org.eclipse.aether.spi < plexus.core
[[1;36mDEBUG[m]   Imported: org.eclipse.aether.transfer < plexus.core
[[1;36mDEBUG[m]   Imported: org.eclipse.aether.util < plexus.core
[[1;36mDEBUG[m]   Imported: org.eclipse.aether.version < plexus.core
[[1;36mDEBUG[m]   Imported: org.fusesource.jansi.* < plexus.core
[[1;36mDEBUG[m]   Imported: org.slf4j.* < plexus.core
[[1;36mDEBUG[m]   Imported: org.slf4j.event.* < plexus.core
[[1;36mDEBUG[m]   Imported: org.slf4j.helpers.* < plexus.core
[[1;36mDEBUG[m]   Imported: org.slf4j.spi.* < plexus.core
[[1;36mDEBUG[m] Populating class realm maven.api
[[1;36mDEBUG[m] Created adapter factory; available factories [file-lock, rwlock-local, semaphore-local, noop]; available name mappers [discriminating, file-gav, file-hgav, file-static, gav, static]
[[1;34mINFO[m] Error stacktraces are turned on.
[[1;36mDEBUG[m] Message scheme: color
[[1;36mDEBUG[m] Message styles: [1;36mdebug[m [1;34minfo[m [1;33mwarning[m [1;31merror[m [1;32msuccess[m [1;31mfailure[m [1mstrong[m [32mmojo[m [36mproject[m
[[1;36mDEBUG[m] Reading global settings from /usr/share/maven/conf/settings.xml
[[1;36mDEBUG[m] Reading user settings from /home/fear/.m2/settings.xml
[[1;36mDEBUG[m] Reading global toolchains from /usr/share/maven/conf/toolchains.xml
[[1;36mDEBUG[m] Reading user toolchains from /home/fear/.m2/toolchains.xml
[[1;36mDEBUG[m] Using local repository at /home/fear/.m2/repository
[[1;36mDEBUG[m] Using manager EnhancedLocalRepositoryManager with priority 10.0 for /home/fear/.m2/repository
[[1;34mINFO[m] Scanning for projects...
[[1;36mDEBUG[m] Extension realms for project org.donaciones:TPA:jar:1.0-SNAPSHOT: (none)
[[1;36mDEBUG[m] Looking up lifecycle mappings for packaging jar from ClassRealm[plexus.core, parent: null]
[[1;33mWARNING[m] 
[[1;33mWARNING[m] Some problems were encountered while building the effective model for org.donaciones:TPA:jar:1.0-SNAPSHOT
[[1;33mWARNING[m] 'dependencies.dependency.version' for org.jetbrains:annotations:jar is either LATEST or RELEASE (both of them are being deprecated) @ line 20, column 22
[[1;33mWARNING[m] 
[[1;33mWARNING[m] It is highly recommended to fix these problems because they threaten the stability of your build.
[[1;33mWARNING[m] 
[[1;33mWARNING[m] For this reason, future Maven versions might no longer support building such malformed projects.
[[1;33mWARNING[m] 
[[1;36mDEBUG[m] === REACTOR BUILD PLAN ================================================
[[1;36mDEBUG[m] Project: org.donaciones:TPA:jar:1.0-SNAPSHOT
[[1;36mDEBUG[m] Tasks:   [clean, compile, test]
[[1;36mDEBUG[m] Style:   Regular
[[1;36mDEBUG[m] =======================================================================
[[1;34mINFO[m] 
[[1;34mINFO[m] [1m-------------------------< [0;36morg.donaciones:TPA[0;1m >-------------------------[m
[[1;34mINFO[m] [1mBuilding TPA 1.0-SNAPSHOT[m
[[1;34mINFO[m]   from pom.xml
[[1;34mINFO[m] [1m--------------------------------[ jar ]---------------------------------[m
[[1;36mDEBUG[m] Lifecycle clean -> [pre-clean, clean, post-clean]
[[1;36mDEBUG[m] Lifecycle default -> [validate, initialize, generate-sources, process-sources, generate-resources, process-resources, compile, process-classes, generate-test-sources, process-test-sources, generate-test-resources, process-test-resources, test-compile, process-test-classes, test, prepare-package, package, pre-integration-test, integration-test, post-integration-test, verify, install, deploy]
[[1;36mDEBUG[m] Lifecycle site -> [pre-site, site, post-site, site-deploy]
[[1;36mDEBUG[m] Lifecycle clean -> [pre-clean, clean, post-clean]
[[1;36mDEBUG[m] Lifecycle default -> [validate, initialize, generate-sources, process-sources, generate-resources, process-resources, compile, process-classes, generate-test-sources, process-test-sources, generate-test-resources, process-test-resources, test-compile, process-test-classes, test, prepare-package, package, pre-integration-test, integration-test, post-integration-test, verify, install, deploy]
[[1;36mDEBUG[m] Lifecycle site -> [pre-site, site, post-site, site-deploy]
[[1;36mDEBUG[m] Lifecycle clean -> [pre-clean, clean, post-clean]
[[1;36mDEBUG[m] Lifecycle default -> [validate, initialize, generate-sources, process-sources, generate-resources, process-resources, compile, process-classes, generate-test-sources, process-test-sources, generate-test-resources, process-test-resources, test-compile, process-test-classes, test, prepare-package, package, pre-integration-test, integration-test, post-integration-test, verify, install, deploy]
[[1;36mDEBUG[m] Lifecycle site -> [pre-site, site, post-site, site-deploy]
[[1;36mDEBUG[m] Creating adapter using nameMapper 'gav' and factory 'rwlock-local'
[[1;36mDEBUG[m] Lifecycle clean -> [pre-clean, clean, post-clean]
[[1;36mDEBUG[m] Lifecycle default -> [validate, initialize, generate-sources, process-sources, generate-resources, process-resources, compile, process-classes, generate-test-sources, process-test-sources, generate-test-resources, process-test-resources, test-compile, process-test-classes, test, prepare-package, package, pre-integration-test, integration-test, post-integration-test, verify, install, deploy]
[[1;36mDEBUG[m] Lifecycle site -> [pre-site, site, post-site, site-deploy]
[[1;36mDEBUG[m] Lifecycle clean -> [pre-clean, clean, post-clean]
[[1;36mDEBUG[m] Lifecycle default -> [validate, initialize, generate-sources, process-sources, generate-resources, process-resources, compile, process-classes, generate-test-sources, process-test-sources, generate-test-resources, process-test-resources, test-compile, process-test-classes, test, prepare-package, package, pre-integration-test, integration-test, post-integration-test, verify, install, deploy]
[[1;36mDEBUG[m] Lifecycle site -> [pre-site, site, post-site, site-deploy]
[[1;36mDEBUG[m] Lifecycle clean -> [pre-clean, clean, post-clean]
[[1;36mDEBUG[m] Lifecycle default -> [validate, initialize, generate-sources, process-sources, generate-resources, process-resources, compile, process-classes, generate-test-sources, process-test-sources, generate-test-resources, process-test-resources, test-compile, process-test-classes, test, prepare-package, package, pre-integration-test, integration-test, post-integration-test, verify, install, deploy]
[[1;36mDEBUG[m] Lifecycle site -> [pre-site, site, post-site, site-deploy]
[[1;36mDEBUG[m] Lifecycle clean -> [pre-clean, clean, post-clean]
[[1;36mDEBUG[m] Lifecycle default -> [validate, initialize, generate-sources, process-sources, generate-resources, process-resources, compile, process-classes, generate-test-sources, process-test-sources, generate-test-resources, process-test-resources, test-compile, process-test-classes, test, prepare-package, package, pre-integration-test, integration-test, post-integration-test, verify, install, deploy]
[[1;36mDEBUG[m] Lifecycle site -> [pre-site, site, post-site, site-deploy]
[[1;36mDEBUG[m] Lifecycle clean -> [pre-clean, clean, post-clean]
[[1;36mDEBUG[m] Lifecycle default -> [validate, initialize, generate-sources, process-sources, generate-resources, process-resources, compile, process-classes, generate-test-sources, process-test-sources, generate-test-resources, process-test-resources, test-compile, process-test-classes, test, prepare-package, package, pre-integration-test, integration-test, post-integration-test, verify, install, deploy]
[[1;36mDEBUG[m] Lifecycle site -> [pre-site, site, post-site, site-deploy]
[[1;36mDEBUG[m] Lifecycle clean -> [pre-clean, clean, post-clean]
[[1;36mDEBUG[m] Lifecycle default -> [validate, initialize, generate-sources, process-sources, generate-resources, process-resources, compile, process-classes, generate-test-sources, process-test-sources, generate-test-resources, process-test-resources, test-compile, process-test-classes, test, prepare-package, package, pre-integration-test, integration-test, post-integration-test, verify, install, deploy]
[[1;36mDEBUG[m] Lifecycle site -> [pre-site, site, post-site, site-deploy]
[[1;36mDEBUG[m] === PROJECT BUILD PLAN ================================================
[[1;36mDEBUG[m] Project:       org.donaciones:TPA:1.0-SNAPSHOT
[[1;36mDEBUG[m] Dependencies (collect): []
[[1;36mDEBUG[m] Dependencies (resolve): [compile, test]
[[1;36mDEBUG[m] Repositories (dependencies): [central (https://repo.maven.apache.org/maven2, default, releases)]
[[1;36mDEBUG[m] Repositories (plugins)     : [central (https://repo.maven.apache.org/maven2, default, releases)]
[[1;36mDEBUG[m] -----------------------------------------------------------------------
[[1;36mDEBUG[m] Goal:          org.apache.maven.plugins:maven-clean-plugin:3.2.0:clean (default-clean)
[[1;36mDEBUG[m] Style:         Regular
[[1;36mDEBUG[m] Configuration: <?xml version="1.0" encoding="UTF-8"?>
<configuration>
  <directory default-value="${project.build.directory}"/>
  <excludeDefaultDirectories default-value="false">${maven.clean.excludeDefaultDirectories}</excludeDefaultDirectories>
  <failOnError default-value="true">${maven.clean.failOnError}</failOnError>
  <fast default-value="false">${maven.clean.fast}</fast>
  <fastDir>${maven.clean.fastDir}</fastDir>
  <fastMode default-value="background">${maven.clean.fastMode}</fastMode>
  <followSymLinks default-value="false">${maven.clean.followSymLinks}</followSymLinks>
  <outputDirectory default-value="${project.build.outputDirectory}"/>
  <reportDirectory default-value="${project.build.outputDirectory}"/>
  <retryOnError default-value="true">${maven.clean.retryOnError}</retryOnError>
  <session default-value="${session}"/>
  <skip default-value="false">${maven.clean.skip}</skip>
  <testOutputDirectory default-value="${project.build.testOutputDirectory}"/>
  <verbose>${maven.clean.verbose}</verbose>
</configuration>
[[1;36mDEBUG[m] -----------------------------------------------------------------------
[[1;36mDEBUG[m] Goal:          org.apache.maven.plugins:maven-resources-plugin:3.3.1:resources (default-resources)
[[1;36mDEBUG[m] Style:         Regular
[[1;36mDEBUG[m] Configuration: <?xml version="1.0" encoding="UTF-8"?>
<configuration>
  <addDefaultExcludes default-value="true"/>
  <buildFilters default-value="${project.build.filters}"/>
  <encoding default-value="${project.build.sourceEncoding}"/>
  <escapeWindowsPaths default-value="true"/>
  <fileNameFiltering default-value="false"/>
  <includeEmptyDirs default-value="false"/>
  <outputDirectory default-value="${project.build.outputDirectory}"/>
  <overwrite default-value="false"/>
  <project default-value="${project}"/>
  <resources default-value="${project.resources}"/>
  <session default-value="${session}"/>
  <skip default-value="false">${maven.resources.skip}</skip>
  <supportMultiLineFiltering default-value="false"/>
  <useBuildFilters default-value="true"/>
  <useDefaultDelimiters default-value="true"/>
</configuration>
[[1;36mDEBUG[m] -----------------------------------------------------------------------
[[1;36mDEBUG[m] Goal:          org.apache.maven.plugins:maven-compiler-plugin:3.13.0:compile (default-compile)
[[1;36mDEBUG[m] Style:         Regular
[[1;36mDEBUG[m] Configuration: <?xml version="1.0" encoding="UTF-8"?>
<configuration>
  <annotationProcessorPathsUseDepMgmt default-value="false"/>
  <basedir default-value="${basedir}"/>
  <buildDirectory default-value="${project.build.directory}"/>
  <compilePath default-value="${project.compileClasspathElements}"/>
  <compileSourceRoots default-value="${project.compileSourceRoots}"/>
  <compilerId default-value="javac">${maven.compiler.compilerId}</compilerId>
  <compilerReuseStrategy default-value="${reuseCreated}">${maven.compiler.compilerReuseStrategy}</compilerReuseStrategy>
  <compilerVersion>${maven.compiler.compilerVersion}</compilerVersion>
  <createMissingPackageInfoClass default-value="true">${maven.compiler.createMissingPackageInfoClass}</createMissingPackageInfoClass>
  <debug default-value="true">${maven.compiler.debug}</debug>
  <debugFileName default-value="javac"/>
  <debuglevel>${maven.compiler.debuglevel}</debuglevel>
  <enablePreview default-value="false">${maven.compiler.enablePreview}</enablePreview>
  <encoding default-value="${project.build.sourceEncoding}">${encoding}</encoding>
  <executable>${maven.compiler.executable}</executable>
  <failOnError default-value="true">${maven.compiler.failOnError}</failOnError>
  <failOnWarning default-value="false">${maven.compiler.failOnWarning}</failOnWarning>
  <fileExtensions default-value="class,jar"/>
  <forceJavacCompilerUse default-value="false">${maven.compiler.forceJavacCompilerUse}</forceJavacCompilerUse>
  <forceLegacyJavacApi default-value="false">${maven.compiler.forceLegacyJavacApi}</forceLegacyJavacApi>
  <fork default-value="false">${maven.compiler.fork}</fork>
  <generatedSourcesDirectory default-value="${project.build.directory}/generated-sources/annotations"/>
  <implicit>${maven.compiler.implicit}</implicit>
  <maxmem>${maven.compiler.maxmem}</maxmem>
  <meminitial>${maven.compiler.meminitial}</meminitial>
  <mojoExecution default-value="${mojoExecution}"/>
  <optimize default-value="false">${maven.compiler.optimize}</optimize>
  <outputDirectory default-value="${project.build.outputDirectory}">${maven.compiler.outputDirectory}</outputDirectory>
  <outputTimestamp default-value="${project.build.outputTimestamp}"/>
  <parameters default-value="false">${maven.compiler.parameters}</parameters>
  <proc>${maven.compiler.proc}</proc>
  <project default-value="${project}"/>
  <projectArtifact default-value="${project.artifact}"/>
  <release>${maven.compiler.release}</release>
  <session default-value="${session}"/>
  <showCompilationChanges default-value="false">${maven.compiler.showCompilationChanges}</showCompilationChanges>
  <showDeprecation default-value="false">${maven.compiler.showDeprecation}</showDeprecation>
  <showWarnings default-value="true">${maven.compiler.showWarnings}</showWarnings>
  <skipMain>${maven.main.skip}</skipMain>
  <skipMultiThreadWarning default-value="false">${maven.compiler.skipMultiThreadWarning}</skipMultiThreadWarning>
  <source default-value="1.8">${maven.compiler.source}</source>
  <staleMillis default-value="0">${lastModGranularityMs}</staleMillis>
  <target default-value="1.8">${maven.compiler.target}</target>
  <useIncrementalCompilation default-value="true">${maven.compiler.useIncrementalCompilation}</useIncrementalCompilation>
  <verbose default-value="false">${maven.compiler.verbose}</verbose>
</configuration>
[[1;36mDEBUG[m] -----------------------------------------------------------------------
[[1;36mDEBUG[m] Goal:          org.apache.maven.plugins:maven-resources-plugin:3.3.1:resources (default-resources)
[[1;36mDEBUG[m] Style:         Regular
[[1;36mDEBUG[m] Configuration: <?xml version="1.0" encoding="UTF-8"?>
<configuration>
  <addDefaultExcludes default-value="true"/>
  <buildFilters default-value="${project.build.filters}"/>
  <encoding default-value="${project.build.sourceEncoding}"/>
  <escapeWindowsPaths default-value="true"/>
  <fileNameFiltering default-value="false"/>
  <includeEmptyDirs default-value="false"/>
  <outputDirectory default-value="${project.build.outputDirectory}"/>
  <overwrite default-value="false"/>
  <project default-value="${project}"/>
  <resources default-value="${project.resources}"/>
  <session default-value="${session}"/>
  <skip default-value="false">${maven.resources.skip}</skip>
  <supportMultiLineFiltering default-value="false"/>
  <useBuildFilters default-value="true"/>
  <useDefaultDelimiters default-value="true"/>
</configuration>
[[1;36mDEBUG[m] -----------------------------------------------------------------------
[[1;36mDEBUG[m] Goal:          org.apache.maven.plugins:maven-compiler-plugin:3.13.0:compile (default-compile)
[[1;36mDEBUG[m] Style:         Regular
[[1;36mDEBUG[m] Configuration: <?xml version="1.0" encoding="UTF-8"?>
<configuration>
  <annotationProcessorPathsUseDepMgmt default-value="false"/>
  <basedir default-value="${basedir}"/>
  <buildDirectory default-value="${project.build.directory}"/>
  <compilePath default-value="${project.compileClasspathElements}"/>
  <compileSourceRoots default-value="${project.compileSourceRoots}"/>
  <compilerId default-value="javac">${maven.compiler.compilerId}</compilerId>
  <compilerReuseStrategy default-value="${reuseCreated}">${maven.compiler.compilerReuseStrategy}</compilerReuseStrategy>
  <compilerVersion>${maven.compiler.compilerVersion}</compilerVersion>
  <createMissingPackageInfoClass default-value="true">${maven.compiler.createMissingPackageInfoClass}</createMissingPackageInfoClass>
  <debug default-value="true">${maven.compiler.debug}</debug>
  <debugFileName default-value="javac"/>
  <debuglevel>${maven.compiler.debuglevel}</debuglevel>
  <enablePreview default-value="false">${maven.compiler.enablePreview}</enablePreview>
  <encoding default-value="${project.build.sourceEncoding}">${encoding}</encoding>
  <executable>${maven.compiler.executable}</executable>
  <failOnError default-value="true">${maven.compiler.failOnError}</failOnError>
  <failOnWarning default-value="false">${maven.compiler.failOnWarning}</failOnWarning>
  <fileExtensions default-value="class,jar"/>
  <forceJavacCompilerUse default-value="false">${maven.compiler.forceJavacCompilerUse}</forceJavacCompilerUse>
  <forceLegacyJavacApi default-value="false">${maven.compiler.forceLegacyJavacApi}</forceLegacyJavacApi>
  <fork default-value="false">${maven.compiler.fork}</fork>
  <generatedSourcesDirectory default-value="${project.build.directory}/generated-sources/annotations"/>
  <implicit>${maven.compiler.implicit}</implicit>
  <maxmem>${maven.compiler.maxmem}</maxmem>
  <meminitial>${maven.compiler.meminitial}</meminitial>
  <mojoExecution default-value="${mojoExecution}"/>
  <optimize default-value="false">${maven.compiler.optimize}</optimize>
  <outputDirectory default-value="${project.build.outputDirectory}">${maven.compiler.outputDirectory}</outputDirectory>
  <outputTimestamp default-value="${project.build.outputTimestamp}"/>
  <parameters default-value="false">${maven.compiler.parameters}</parameters>
  <proc>${maven.compiler.proc}</proc>
  <project default-value="${project}"/>
  <projectArtifact default-value="${project.artifact}"/>
  <release>${maven.compiler.release}</release>
  <session default-value="${session}"/>
  <showCompilationChanges default-value="false">${maven.compiler.showCompilationChanges}</showCompilationChanges>
  <showDeprecation default-value="false">${maven.compiler.showDeprecation}</showDeprecation>
  <showWarnings default-value="true">${maven.compiler.showWarnings}</showWarnings>
  <skipMain>${maven.main.skip}</skipMain>
  <skipMultiThreadWarning default-value="false">${maven.compiler.skipMultiThreadWarning}</skipMultiThreadWarning>
  <source default-value="1.8">${maven.compiler.source}</source>
  <staleMillis default-value="0">${lastModGranularityMs}</staleMillis>
  <target default-value="1.8">${maven.compiler.target}</target>
  <useIncrementalCompilation default-value="true">${maven.compiler.useIncrementalCompilation}</useIncrementalCompilation>
  <verbose default-value="false">${maven.compiler.verbose}</verbose>
</configuration>
[[1;36mDEBUG[m] -----------------------------------------------------------------------
[[1;36mDEBUG[m] Goal:          org.apache.maven.plugins:maven-resources-plugin:3.3.1:testResources (default-testResources)
[[1;36mDEBUG[m] Style:         Regular
[[1;36mDEBUG[m] Configuration: <?xml version="1.0" encoding="UTF-8"?>
<configuration>
  <addDefaultExcludes default-value="true"/>
  <buildFilters default-value="${project.build.filters}"/>
  <encoding default-value="${project.build.sourceEncoding}"/>
  <escapeWindowsPaths default-value="true"/>
  <fileNameFiltering default-value="false"/>
  <includeEmptyDirs default-value="false"/>
  <outputDirectory default-value="${project.build.testOutputDirectory}"/>
  <overwrite default-value="false"/>
  <project default-value="${project}"/>
  <resources default-value="${project.testResources}"/>
  <session default-value="${session}"/>
  <skip default-value="false">${maven.test.skip}</skip>
  <supportMultiLineFiltering default-value="false"/>
  <useBuildFilters default-value="true"/>
  <useDefaultDelimiters default-value="true"/>
</configuration>
[[1;36mDEBUG[m] -----------------------------------------------------------------------
[[1;36mDEBUG[m] Goal:          org.apache.maven.plugins:maven-compiler-plugin:3.13.0:testCompile (default-testCompile)
[[1;36mDEBUG[m] Style:         Regular
[[1;36mDEBUG[m] Configuration: <?xml version="1.0" encoding="UTF-8"?>
<configuration>
  <annotationProcessorPathsUseDepMgmt default-value="false"/>
  <basedir default-value="${basedir}"/>
  <buildDirectory default-value="${project.build.directory}"/>
  <compileSourceRoots default-value="${project.testCompileSourceRoots}"/>
  <compilerId default-value="javac">${maven.compiler.compilerId}</compilerId>
  <compilerReuseStrategy default-value="${reuseCreated}">${maven.compiler.compilerReuseStrategy}</compilerReuseStrategy>
  <compilerVersion>${maven.compiler.compilerVersion}</compilerVersion>
  <createMissingPackageInfoClass default-value="true">${maven.compiler.createMissingPackageInfoClass}</createMissingPackageInfoClass>
  <debug default-value="true">${maven.compiler.debug}</debug>
  <debugFileName default-value="javac-test"/>
  <debuglevel>${maven.compiler.debuglevel}</debuglevel>
  <enablePreview default-value="false">${maven.compiler.enablePreview}</enablePreview>
  <encoding default-value="${project.build.sourceEncoding}">${encoding}</encoding>
  <executable>${maven.compiler.executable}</executable>
  <failOnError default-value="true">${maven.compiler.failOnError}</failOnError>
  <failOnWarning default-value="false">${maven.compiler.failOnWarning}</failOnWarning>
  <fileExtensions default-value="class,jar"/>
  <forceJavacCompilerUse default-value="false">${maven.compiler.forceJavacCompilerUse}</forceJavacCompilerUse>
  <forceLegacyJavacApi default-value="false">${maven.compiler.forceLegacyJavacApi}</forceLegacyJavacApi>
  <fork default-value="false">${maven.compiler.fork}</fork>
  <generatedTestSourcesDirectory default-value="${project.build.directory}/generated-test-sources/test-annotations"/>
  <implicit>${maven.compiler.implicit}</implicit>
  <maxmem>${maven.compiler.maxmem}</maxmem>
  <meminitial>${maven.compiler.meminitial}</meminitial>
  <mojoExecution default-value="${mojoExecution}"/>
  <optimize default-value="false">${maven.compiler.optimize}</optimize>
  <outputDirectory default-value="${project.build.testOutputDirectory}"/>
  <outputTimestamp default-value="${project.build.outputTimestamp}"/>
  <parameters default-value="false">${maven.compiler.parameters}</parameters>
  <proc>${maven.compiler.proc}</proc>
  <project default-value="${project}"/>
  <release>${maven.compiler.release}</release>
  <session default-value="${session}"/>
  <showCompilationChanges default-value="false">${maven.compiler.showCompilationChanges}</showCompilationChanges>
  <showDeprecation default-value="false">${maven.compiler.showDeprecation}</showDeprecation>
  <showWarnings default-value="true">${maven.compiler.showWarnings}</showWarnings>
  <skip>${maven.test.skip}</skip>
  <skipMultiThreadWarning default-value="false">${maven.compiler.skipMultiThreadWarning}</skipMultiThreadWarning>
  <source default-value="1.8">${maven.compiler.source}</source>
  <staleMillis default-value="0">${lastModGranularityMs}</staleMillis>
  <target default-value="1.8">${maven.compiler.target}</target>
  <testPath default-value="${project.testClasspathElements}"/>
  <testRelease>${maven.compiler.testRelease}</testRelease>
  <testSource>${maven.compiler.testSource}</testSource>
  <testTarget>${maven.compiler.testTarget}</testTarget>
  <useIncrementalCompilation default-value="true">${maven.compiler.useIncrementalCompilation}</useIncrementalCompilation>
  <useModulePath default-value="true"/>
  <verbose default-value="false">${maven.compiler.verbose}</verbose>
</configuration>
[[1;36mDEBUG[m] -----------------------------------------------------------------------
[[1;36mDEBUG[m] Goal:          org.apache.maven.plugins:maven-surefire-plugin:3.2.5:test (default-test)
[[1;36mDEBUG[m] Style:         Regular
[[1;36mDEBUG[m] Configuration: <?xml version="1.0" encoding="UTF-8"?>
<configuration>
  <additionalClasspathDependencies>${maven.test.additionalClasspathDependencies}</additionalClasspathDependencies>
  <additionalClasspathElements>${maven.test.additionalClasspath}</additionalClasspathElements>
  <argLine>${argLine}</argLine>
  <basedir default-value="${basedir}"/>
  <childDelegation default-value="false">${childDelegation}</childDelegation>
  <classesDirectory default-value="${project.build.outputDirectory}"/>
  <classpathDependencyExcludes>${maven.test.dependency.excludes}</classpathDependencyExcludes>
  <debugForkedProcess>${maven.surefire.debug}</debugForkedProcess>
  <dependenciesToScan>${dependenciesToScan}</dependenciesToScan>
  <disableXmlReport default-value="false">${disableXmlReport}</disableXmlReport>
  <enableAssertions default-value="true">${enableAssertions}</enableAssertions>
  <enableProcessChecker>${surefire.enableProcessChecker}</enableProcessChecker>
  <encoding default-value="${project.reporting.outputEncoding}">${surefire.encoding}</encoding>
  <excludeJUnit5Engines>${surefire.excludeJUnit5Engines}</excludeJUnit5Engines>
  <excludedEnvironmentVariables>${surefire.excludedEnvironmentVariables}</excludedEnvironmentVariables>
  <excludedGroups>${excludedGroups}</excludedGroups>
  <excludes>${surefire.excludes}</excludes>
  <excludesFile>${surefire.excludesFile}</excludesFile>
  <failIfNoSpecifiedTests default-value="true">${surefire.failIfNoSpecifiedTests}</failIfNoSpecifiedTests>
  <failIfNoTests default-value="false">${failIfNoTests}</failIfNoTests>
  <failOnFlakeCount default-value="0">${surefire.failOnFlakeCount}</failOnFlakeCount>
  <forkCount default-value="1">${forkCount}</forkCount>
  <forkNode>${surefire.forkNode}</forkNode>
  <forkedProcessExitTimeoutInSeconds default-value="30">${surefire.exitTimeout}</forkedProcessExitTimeoutInSeconds>
  <forkedProcessTimeoutInSeconds>${surefire.timeout}</forkedProcessTimeoutInSeconds>
  <groups>${groups}</groups>
  <includeJUnit5Engines>${surefire.includeJUnit5Engines}</includeJUnit5Engines>
  <includes>${surefire.includes}</includes>
  <includesFile>${surefire.includesFile}</includesFile>
  <junitArtifactName default-value="junit:junit">${junitArtifactName}</junitArtifactName>
  <jvm>${jvm}</jvm>
  <objectFactory>${objectFactory}</objectFactory>
  <parallel>${parallel}</parallel>
  <parallelMavenExecution default-value="${session.parallel}"/>
  <parallelOptimized default-value="true">${parallelOptimized}</parallelOptimized>
  <parallelTestsTimeoutForcedInSeconds>${surefire.parallel.forcedTimeout}</parallelTestsTimeoutForcedInSeconds>
  <parallelTestsTimeoutInSeconds>${surefire.parallel.timeout}</parallelTestsTimeoutInSeconds>
  <perCoreThreadCount default-value="true">${perCoreThreadCount}</perCoreThreadCount>
  <pluginArtifactMap>${plugin.artifactMap}</pluginArtifactMap>
  <pluginDescriptor default-value="${plugin}"/>
  <printSummary default-value="true">${surefire.printSummary}</printSummary>
  <project default-value="${project}"/>
  <projectArtifactMap>${project.artifactMap}</projectArtifactMap>
  <projectBuildDirectory default-value="${project.build.directory}"/>
  <redirectTestOutputToFile default-value="false">${maven.test.redirectTestOutputToFile}</redirectTestOutputToFile>
  <reportFormat default-value="brief">${surefire.reportFormat}</reportFormat>
  <reportNameSuffix default-value="">${surefire.reportNameSuffix}</reportNameSuffix>
  <reportsDirectory default-value="${project.build.directory}/surefire-reports"/>
  <rerunFailingTestsCount default-value="0">${surefire.rerunFailingTestsCount}</rerunFailingTestsCount>
  <reuseForks default-value="true">${reuseForks}</reuseForks>
  <runOrder default-value="filesystem">${surefire.runOrder}</runOrder>
  <runOrderRandomSeed>${surefire.runOrder.random.seed}</runOrderRandomSeed>
  <session default-value="${session}"/>
  <shutdown default-value="exit">${surefire.shutdown}</shutdown>
  <skip default-value="false">${maven.test.skip}</skip>
  <skipAfterFailureCount default-value="0">${surefire.skipAfterFailureCount}</skipAfterFailureCount>
  <skipExec>${maven.test.skip.exec}</skipExec>
  <skipTests default-value="false">${skipTests}</skipTests>
  <suiteXmlFiles>${surefire.suiteXmlFiles}</suiteXmlFiles>
  <systemPropertiesFile>${surefire.systemPropertiesFile}</systemPropertiesFile>
  <tempDir default-value="surefire">${tempDir}</tempDir>
  <test>${test}</test>
  <testClassesDirectory default-value="${project.build.testOutputDirectory}"/>
  <testFailureIgnore default-value="false">${maven.test.failure.ignore}</testFailureIgnore>
  <testNGArtifactName default-value="org.testng:testng">${testNGArtifactName}</testNGArtifactName>
  <testSourceDirectory default-value="${project.build.testSourceDirectory}"/>
  <threadCount>${threadCount}</threadCount>
  <threadCountClasses default-value="0">${threadCountClasses}</threadCountClasses>
  <threadCountMethods default-value="0">${threadCountMethods}</threadCountMethods>
  <threadCountSuites default-value="0">${threadCountSuites}</threadCountSuites>
  <trimStackTrace default-value="false">${trimStackTrace}</trimStackTrace>
  <useFile default-value="true">${surefire.useFile}</useFile>
  <useManifestOnlyJar default-value="true">${surefire.useManifestOnlyJar}</useManifestOnlyJar>
  <useModulePath default-value="true">${surefire.useModulePath}</useModulePath>
  <useSystemClassLoader default-value="true">${surefire.useSystemClassLoader}</useSystemClassLoader>
  <useUnlimitedThreads default-value="false">${useUnlimitedThreads}</useUnlimitedThreads>
  <workingDirectory>${basedir}</workingDirectory>
</configuration>
[[1;36mDEBUG[m] =======================================================================
[[1;36mDEBUG[m] Could not find metadata org.jetbrains:annotations/maven-metadata.xml in local (/home/fear/.m2/repository)
[[1;36mDEBUG[m] Skipped remote request for org.jetbrains:annotations/maven-metadata.xml, locally cached metadata up-to-date
[[1;36mDEBUG[m] Could not find metadata org.jetbrains:annotations/maven-metadata.xml in local (/home/fear/.m2/repository)
[[1;36mDEBUG[m] Skipped remote request for org.jetbrains:annotations/maven-metadata.xml, locally cached metadata up-to-date
[[1;36mDEBUG[m] Dependency collection stats {ConflictMarker.analyzeTime=2067025, ConflictMarker.markTime=185708, ConflictMarker.nodeCount=16, ConflictIdSorter.graphTime=1286478, ConflictIdSorter.topsortTime=709170, ConflictIdSorter.conflictIdCount=10, ConflictIdSorter.conflictIdCycleCount=0, ConflictResolver.totalTime=8272850, ConflictResolver.conflictItemCount=15, DfDependencyCollector.collectTime=189576362, DfDependencyCollector.transformTime=16769611}
[[1;36mDEBUG[m] org.donaciones:TPA:jar:1.0-SNAPSHOT
[[1;36mDEBUG[m]    org.jetbrains:annotations:jar:RELEASE:compile
[[1;36mDEBUG[m]    org.apache.commons:commons-csv:jar:1.14.1:compile
[[1;36mDEBUG[m]       commons-io:commons-io:jar:2.20.0:compile
[[1;36mDEBUG[m]       commons-codec:commons-codec:jar:1.19.0:compile
[[1;36mDEBUG[m]    org.junit.jupiter:junit-jupiter-engine:jar:5.9.2:test
[[1;36mDEBUG[m]       org.junit.platform:junit-platform-engine:jar:1.9.2:test
[[1;36mDEBUG[m]          org.opentest4j:opentest4j:jar:1.2.0:test
[[1;36mDEBUG[m]          org.junit.platform:junit-platform-commons:jar:1.9.2:test
[[1;36mDEBUG[m]       org.junit.jupiter:junit-jupiter-api:jar:5.9.2:test
[[1;36mDEBUG[m]       org.apiguardian:apiguardian-api:jar:1.1.2:test
[[1;34mINFO[m] 
[[1;34mINFO[m] [1m--- [0;32mclean:3.2.0:clean[m [1m(default-clean)[m @ [36mTPA[0;1m ---[m
[[1;36mDEBUG[m] Dependency collection stats {ConflictMarker.analyzeTime=93029, ConflictMarker.markTime=116914, ConflictMarker.nodeCount=3, ConflictIdSorter.graphTime=28146, ConflictIdSorter.topsortTime=61461, ConflictIdSorter.conflictIdCount=3, ConflictIdSorter.conflictIdCycleCount=0, ConflictResolver.totalTime=291099, ConflictResolver.conflictItemCount=3, DfDependencyCollector.collectTime=73061614, DfDependencyCollector.transformTime=690312}
[[1;36mDEBUG[m] org.apache.maven.plugins:maven-clean-plugin:jar:3.2.0
[[1;36mDEBUG[m]    org.apache.maven.shared:maven-shared-utils:jar:3.3.4:compile
[[1;36mDEBUG[m]       commons-io:commons-io:jar:2.6:compile
[[1;36mDEBUG[m] Created new class realm plugin>org.apache.maven.plugins:maven-clean-plugin:3.2.0
[[1;36mDEBUG[m] Importing foreign packages into class realm plugin>org.apache.maven.plugins:maven-clean-plugin:3.2.0
[[1;36mDEBUG[m]   Imported:  < maven.api
[[1;36mDEBUG[m] Populating class realm plugin>org.apache.maven.plugins:maven-clean-plugin:3.2.0
[[1;36mDEBUG[m]   Included: org.apache.maven.plugins:maven-clean-plugin:jar:3.2.0
[[1;36mDEBUG[m]   Included: org.apache.maven.shared:maven-shared-utils:jar:3.3.4
[[1;36mDEBUG[m]   Included: commons-io:commons-io:jar:2.6
[[1;36mDEBUG[m] Loading mojo org.apache.maven.plugins:maven-clean-plugin:3.2.0:clean from plugin realm ClassRealm[plugin>org.apache.maven.plugins:maven-clean-plugin:3.2.0, parent: jdk.internal.loader.ClassLoaders$AppClassLoader@639fee48]
[[1;36mDEBUG[m] Configuring mojo execution 'org.apache.maven.plugins:maven-clean-plugin:3.2.0:clean:default-clean' with basic configurator -->
[[1;36mDEBUG[m]   (f) directory = /home/fear/Desktop/facu/DDS/TPA/target
[[1;36mDEBUG[m]   (f) excludeDefaultDirectories = false
[[1;36mDEBUG[m]   (f) failOnError = true
[[1;36mDEBUG[m]   (f) fast = false
[[1;36mDEBUG[m]   (f) fastMode = background
[[1;36mDEBUG[m]   (f) followSymLinks = false
[[1;36mDEBUG[m]   (f) outputDirectory = /home/fear/Desktop/facu/DDS/TPA/target/classes
[[1;36mDEBUG[m]   (f) reportDirectory = /home/fear/Desktop/facu/DDS/TPA/target/classes
[[1;36mDEBUG[m]   (f) retryOnError = true
[[1;36mDEBUG[m]   (f) session = org.apache.maven.execution.MavenSession@9d7ccfe
[[1;36mDEBUG[m]   (f) skip = false
[[1;36mDEBUG[m]   (f) testOutputDirectory = /home/fear/Desktop/facu/DDS/TPA/target/test-classes
[[1;36mDEBUG[m] -- end configuration --
[[1;34mINFO[m] Deleting /home/fear/Desktop/facu/DDS/TPA/target
[[1;34mINFO[m] Deleting file /home/fear/Desktop/facu/DDS/TPA/target/maven-status/maven-compiler-plugin/compile/default-compile/inputFiles.lst
[[1;34mINFO[m] Deleting file /home/fear/Desktop/facu/DDS/TPA/target/maven-status/maven-compiler-plugin/compile/default-compile/createdFiles.lst
[[1;34mINFO[m] Deleting directory /home/fear/Desktop/facu/DDS/TPA/target/maven-status/maven-compiler-plugin/compile/default-compile
[[1;34mINFO[m] Deleting directory /home/fear/Desktop/facu/DDS/TPA/target/maven-status/maven-compiler-plugin/compile
[[1;34mINFO[m] Deleting file /home/fear/Desktop/facu/DDS/TPA/target/maven-status/maven-compiler-plugin/testCompile/default-testCompile/inputFiles.lst
[[1;34mINFO[m] Deleting file /home/fear/Desktop/facu/DDS/TPA/target/maven-status/maven-compiler-plugin/testCompile/default-testCompile/createdFiles.lst
[[1;34mINFO[m] Deleting directory /home/fear/Desktop/facu/DDS/TPA/target/maven-status/maven-compiler-plugin/testCompile/default-testCompile
[[1;34mINFO[m] Deleting directory /home/fear/Desktop/facu/DDS/TPA/target/maven-status/maven-compiler-plugin/testCompile
[[1;34mINFO[m] Deleting directory /home/fear/Desktop/facu/DDS/TPA/target/maven-status/maven-compiler-plugin
[[1;34mINFO[m] Deleting directory /home/fear/Desktop/facu/DDS/TPA/target/maven-status
[[1;34mINFO[m] Deleting file /home/fear/Desktop/facu/DDS/TPA/target/surefire-reports/TEST-cargaCSV.ImportadorDonantesCSVTest.xml
[[1;34mINFO[m] Deleting file /home/fear/Desktop/facu/DDS/TPA/target/surefire-reports/TEST-AplicacionTest.xml
[[1;34mINFO[m] Deleting file /home/fear/Desktop/facu/DDS/TPA/target/surefire-reports/SistemaDonacionesTest.txt
[[1;34mINFO[m] Deleting file /home/fear/Desktop/facu/DDS/TPA/target/surefire-reports/TEST-SistemaDonacionesTest.xml
[[1;34mINFO[m] Deleting file /home/fear/Desktop/facu/DDS/TPA/target/surefire-reports/cargaCSV.ImportadorDonantesCSVTest.txt
[[1;34mINFO[m] Deleting file /home/fear/Desktop/facu/DDS/TPA/target/surefire-reports/AplicacionTest.txt
[[1;34mINFO[m] Deleting directory /home/fear/Desktop/facu/DDS/TPA/target/surefire-reports
[[1;34mINFO[m] Deleting directory /home/fear/Desktop/facu/DDS/TPA/target/generated-sources/annotations
[[1;34mINFO[m] Deleting directory /home/fear/Desktop/facu/DDS/TPA/target/generated-sources
[[1;34mINFO[m] Deleting file /home/fear/Desktop/facu/DDS/TPA/target/test-classes/cargaCSV/ImportadorDonantesCSVTest.class
[[1;34mINFO[m] Deleting directory /home/fear/Desktop/facu/DDS/TPA/target/test-classes/cargaCSV
[[1;34mINFO[m] Deleting file /home/fear/Desktop/facu/DDS/TPA/target/test-classes/donantes_solo_persona_juridica.csv
[[1;34mINFO[m] Deleting file /home/fear/Desktop/facu/DDS/TPA/target/test-classes/Aplicacion.class
[[1;34mINFO[m] Deleting file /home/fear/Desktop/facu/DDS/TPA/target/test-classes/AplicacionTest.class
[[1;34mINFO[m] Deleting file /home/fear/Desktop/facu/DDS/TPA/target/test-classes/donantes_solo_persona_humana.csv
[[1;34mINFO[m] Deleting file /home/fear/Desktop/facu/DDS/TPA/target/test-classes/donantes_invalidos.csv
[[1;34mINFO[m] Deleting file /home/fear/Desktop/facu/DDS/TPA/target/test-classes/SistemaDonacionesTest$1.class
[[1;34mINFO[m] Deleting file /home/fear/Desktop/facu/DDS/TPA/target/test-classes/donantes_import_20000_UTF8_BOM.csv
[[1;34mINFO[m] Deleting file /home/fear/Desktop/facu/DDS/TPA/target/test-classes/SistemaDonacionesTest.class
[[1;34mINFO[m] Deleting directory /home/fear/Desktop/facu/DDS/TPA/target/test-classes
[[1;34mINFO[m] Deleting directory /home/fear/Desktop/facu/DDS/TPA/target/generated-test-sources/test-annotations
[[1;34mINFO[m] Deleting directory /home/fear/Desktop/facu/DDS/TPA/target/generated-test-sources
[[1;34mINFO[m] Deleting directory /home/fear/Desktop/facu/DDS/TPA/target/classes/cargaCSV
[[1;34mINFO[m] Deleting directory /home/fear/Desktop/facu/DDS/TPA/target/classes/donante
[[1;34mINFO[m] Deleting directory /home/fear/Desktop/facu/DDS/TPA/target/classes
[[1;34mINFO[m] Deleting directory /home/fear/Desktop/facu/DDS/TPA/target
[[1;36mDEBUG[m] Skipping non-existing directory /home/fear/Desktop/facu/DDS/TPA/target/classes
[[1;36mDEBUG[m] Skipping non-existing directory /home/fear/Desktop/facu/DDS/TPA/target/test-classes
[[1;36mDEBUG[m] Skipping non-existing directory /home/fear/Desktop/facu/DDS/TPA/target/classes
[[1;34mINFO[m] 
[[1;34mINFO[m] [1m--- [0;32mresources:3.3.1:resources[m [1m(default-resources)[m @ [36mTPA[0;1m ---[m
[[1;36mDEBUG[m] Dependency collection stats {ConflictMarker.analyzeTime=168039, ConflictMarker.markTime=113841, ConflictMarker.nodeCount=13, ConflictIdSorter.graphTime=36946, ConflictIdSorter.topsortTime=34851, ConflictIdSorter.conflictIdCount=9, ConflictIdSorter.conflictIdCycleCount=0, ConflictResolver.totalTime=582686, ConflictResolver.conflictItemCount=13, DfDependencyCollector.collectTime=136513056, DfDependencyCollector.transformTime=985322}
[[1;36mDEBUG[m] org.apache.maven.plugins:maven-resources-plugin:jar:3.3.1
[[1;36mDEBUG[m]    org.codehaus.plexus:plexus-interpolation:jar:1.26:runtime
[[1;36mDEBUG[m]    org.codehaus.plexus:plexus-utils:jar:3.5.1:compile
[[1;36mDEBUG[m]    org.apache.maven.shared:maven-filtering:jar:3.3.1:compile
[[1;36mDEBUG[m]       javax.inject:javax.inject:jar:1:compile
[[1;36mDEBUG[m]       org.slf4j:slf4j-api:jar:1.7.36:compile
[[1;36mDEBUG[m]       org.sonatype.plexus:plexus-build-api:jar:0.0.7:compile
[[1;36mDEBUG[m]    commons-io:commons-io:jar:2.11.0:compile
[[1;36mDEBUG[m]    org.apache.commons:commons-lang3:jar:3.12.0:compile
[[1;36mDEBUG[m] Created new class realm plugin>org.apache.maven.plugins:maven-resources-plugin:3.3.1
[[1;36mDEBUG[m] Importing foreign packages into class realm plugin>org.apache.maven.plugins:maven-resources-plugin:3.3.1
[[1;36mDEBUG[m]   Imported:  < maven.api
[[1;36mDEBUG[m] Populating class realm plugin>org.apache.maven.plugins:maven-resources-plugin:3.3.1
[[1;36mDEBUG[m]   Included: org.apache.maven.plugins:maven-resources-plugin:jar:3.3.1
[[1;36mDEBUG[m]   Included: org.codehaus.plexus:plexus-interpolation:jar:1.26
[[1;36mDEBUG[m]   Included: org.codehaus.plexus:plexus-utils:jar:3.5.1
[[1;36mDEBUG[m]   Included: org.apache.maven.shared:maven-filtering:jar:3.3.1
[[1;36mDEBUG[m]   Included: org.sonatype.plexus:plexus-build-api:jar:0.0.7
[[1;36mDEBUG[m]   Included: commons-io:commons-io:jar:2.11.0
[[1;36mDEBUG[m]   Included: org.apache.commons:commons-lang3:jar:3.12.0
[[1;36mDEBUG[m] Loading mojo org.apache.maven.plugins:maven-resources-plugin:3.3.1:resources from plugin realm ClassRealm[plugin>org.apache.maven.plugins:maven-resources-plugin:3.3.1, parent: jdk.internal.loader.ClassLoaders$AppClassLoader@639fee48]
[[1;36mDEBUG[m] Configuring mojo execution 'org.apache.maven.plugins:maven-resources-plugin:3.3.1:resources:default-resources' with basic configurator -->
[[1;36mDEBUG[m]   (f) addDefaultExcludes = true
[[1;36mDEBUG[m]   (f) buildFilters = []
[[1;36mDEBUG[m]   (f) encoding = UTF-8
[[1;36mDEBUG[m]   (f) escapeWindowsPaths = true
[[1;36mDEBUG[m]   (f) fileNameFiltering = false
[[1;36mDEBUG[m]   (s) includeEmptyDirs = false
[[1;36mDEBUG[m]   (s) outputDirectory = /home/fear/Desktop/facu/DDS/TPA/target/classes
[[1;36mDEBUG[m]   (s) overwrite = false
[[1;36mDEBUG[m]   (f) project = MavenProject: org.donaciones:TPA:1.0-SNAPSHOT @ /home/fear/Desktop/facu/DDS/TPA/pom.xml
[[1;36mDEBUG[m]   (s) resources = [Resource {targetPath: null, filtering: false, FileSet {directory: /home/fear/Desktop/facu/DDS/TPA/src/main/resources, PatternSet [includes: {}, excludes: {}]}}]
[[1;36mDEBUG[m]   (f) session = org.apache.maven.execution.MavenSession@9d7ccfe
[[1;36mDEBUG[m]   (f) skip = false
[[1;36mDEBUG[m]   (f) supportMultiLineFiltering = false
[[1;36mDEBUG[m]   (f) useBuildFilters = true
[[1;36mDEBUG[m]   (s) useDefaultDelimiters = true
[[1;36mDEBUG[m] -- end configuration --
[[1;36mDEBUG[m] properties used:
[[1;36mDEBUG[m] classworlds.conf: /usr/share/maven/bin/m2.conf
[[1;36mDEBUG[m] env.CHROME_DESKTOP: code.desktop
[[1;36mDEBUG[m] env.COLORTERM: truecolor
[[1;36mDEBUG[m] env.COPILOT_AGENT: 1
[[1;36mDEBUG[m] env.DBUS_SESSION_BUS_ADDRESS: unix:path=/run/user/1000/bus
[[1;36mDEBUG[m] env.DESKTOP_SESSION: gnome
[[1;36mDEBUG[m] env.DISPLAY: :0
[[1;36mDEBUG[m] env.FC_FONTATIONS: 1
[[1;36mDEBUG[m] env.GDK_BACKEND: wayland
[[1;36mDEBUG[m] env.GDMSESSION: gnome
[[1;36mDEBUG[m] env.GDM_LANG: en_US.UTF-8
[[1;36mDEBUG[m] env.GIO_LAUNCHED_DESKTOP_FILE_PID: 3194
[[1;36mDEBUG[m] env.GIT_ASKPASS: /usr/share/code/resources/app/extensions/git/dist/askpass.sh
[[1;36mDEBUG[m] env.GIT_EDITOR: :
[[1;36mDEBUG[m] env.GIT_MERGE_AUTOEDIT: no
[[1;36mDEBUG[m] env.GIT_PAGER: cat
[[1;36mDEBUG[m] env.GNOME_DESKTOP_SESSION_ID: this-is-deprecated
[[1;36mDEBUG[m] env.GNOME_KEYRING_CONTROL: /run/user/1000/keyring
[[1;36mDEBUG[m] env.GNOME_SETUP_DISPLAY: :1
[[1;36mDEBUG[m] env.GPG_AGENT_INFO: /run/user/1000/gnupg/S.gpg-agent:0:1
[[1;36mDEBUG[m] env.GTK_MODULES: gail:atk-bridge
[[1;36mDEBUG[m] env.HOME: /home/fear
[[1;36mDEBUG[m] env.INVOCATION_ID: 34f5d104daf944e392fd2be8715d48d0
[[1;36mDEBUG[m] env.JOURNAL_STREAM: 10:20047
[[1;36mDEBUG[m] env.KITTY_INSTALLATION_DIR: /usr/lib/kitty
[[1;36mDEBUG[m] env.KITTY_PID: 3194
[[1;36mDEBUG[m] env.KITTY_PUBLIC_KEY: 1:5@N#Kz{8VgOBT%eLc$9rn8P@o;edDytsZM3aTP*D
[[1;36mDEBUG[m] env.KITTY_WINDOW_ID: 1
[[1;36mDEBUG[m] env.LANG: en_US.UTF-8
[[1;36mDEBUG[m] env.LANGUAGE: en_US:en
[[1;36mDEBUG[m] env.LESS: -R
[[1;36mDEBUG[m] env.LOGNAME: fear
[[1;36mDEBUG[m] env.LSCOLORS: Gxfxcxdxbxegedabagacad
[[1;36mDEBUG[m] env.LS_COLORS: rs=0:di=01;34:ln=01;36:mh=00:pi=40;33:so=01;35:do=01;35:bd=40;33;01:cd=40;33;01:or=40;31;01:mi=00:su=37;41:sg=30;43:ca=00:tw=30;42:ow=34;42:st=37;44:ex=01;32:*.7z=01;31:*.ace=01;31:*.alz=01;31:*.apk=01;31:*.arc=01;31:*.arj=01;31:*.bz=01;31:*.bz2=01;31:*.cab=01;31:*.cpio=01;31:*.crate=01;31:*.deb=01;31:*.drpm=01;31:*.dwm=01;31:*.dz=01;31:*.ear=01;31:*.egg=01;31:*.esd=01;31:*.gz=01;31:*.jar=01;31:*.lha=01;31:*.lrz=01;31:*.lz=01;31:*.lz4=01;31:*.lzh=01;31:*.lzma=01;31:*.lzo=01;31:*.pyz=01;31:*.rar=01;31:*.rpm=01;31:*.rz=01;31:*.sar=01;31:*.swm=01;31:*.t7z=01;31:*.tar=01;31:*.taz=01;31:*.tbz=01;31:*.tbz2=01;31:*.tgz=01;31:*.tlz=01;31:*.txz=01;31:*.tz=01;31:*.tzo=01;31:*.tzst=01;31:*.udeb=01;31:*.war=01;31:*.whl=01;31:*.wim=01;31:*.xz=01;31:*.z=01;31:*.zip=01;31:*.zoo=01;31:*.zst=01;31:*.avif=01;35:*.jpg=01;35:*.jpeg=01;35:*.jxl=01;35:*.mjpg=01;35:*.mjpeg=01;35:*.gif=01;35:*.bmp=01;35:*.pbm=01;35:*.pgm=01;35:*.ppm=01;35:*.tga=01;35:*.xbm=01;35:*.xpm=01;35:*.tif=01;35:*.tiff=01;35:*.png=01;35:*.svg=01;35:*.svgz=01;35:*.mng=01;35:*.pcx=01;35:*.mov=01;35:*.mpg=01;35:*.mpeg=01;35:*.m2v=01;35:*.mkv=01;35:*.webm=01;35:*.webp=01;35:*.ogm=01;35:*.mp4=01;35:*.m4v=01;35:*.mp4v=01;35:*.vob=01;35:*.qt=01;35:*.nuv=01;35:*.wmv=01;35:*.asf=01;35:*.rm=01;35:*.rmvb=01;35:*.flc=01;35:*.avi=01;35:*.fli=01;35:*.flv=01;35:*.gl=01;35:*.dl=01;35:*.xcf=01;35:*.xwd=01;35:*.yuv=01;35:*.cgm=01;35:*.emf=01;35:*.ogv=01;35:*.ogx=01;35:*.aac=00;36:*.au=00;36:*.flac=00;36:*.m4a=00;36:*.mid=00;36:*.midi=00;36:*.mka=00;36:*.mp3=00;36:*.mpc=00;36:*.ogg=00;36:*.ra=00;36:*.wav=00;36:*.oga=00;36:*.opus=00;36:*.spx=00;36:*.xspf=00;36:*~=00;90:*#=00;90:*.bak=00;90:*.crdownload=00;90:*.dpkg-dist=00;90:*.dpkg-new=00;90:*.dpkg-old=00;90:*.dpkg-tmp=00;90:*.old=00;90:*.orig=00;90:*.part=00;90:*.rej=00;90:*.rpmnew=00;90:*.rpmorig=00;90:*.rpmsave=00;90:*.swp=00;90:*.tmp=00;90:*.ucf-dist=00;90:*.ucf-new=00;90:*.ucf-old=00;90:
[[1;36mDEBUG[m] env.MANAGERPID: 2165
[[1;36mDEBUG[m] env.MAVEN_CMD_LINE_ARGS:  clean compile test -X
[[1;36mDEBUG[m] env.MAVEN_PROJECTBASEDIR: /home/fear/Desktop/facu/DDS/TPA
[[1;36mDEBUG[m] env.MEMORY_PRESSURE_WATCH: /sys/fs/cgroup/user.slice/user-1000.slice/user@1000.service/session.slice/org.gnome.SettingsDaemon.MediaKeys.service/memory.pressure
[[1;36mDEBUG[m] env.MEMORY_PRESSURE_WRITE: c29tZSAyMDAwMDAgMjAwMDAwMAA=
[[1;36mDEBUG[m] env.OLDPWD: /home/fear/Desktop/facu/DDS/TPA
[[1;36mDEBUG[m] env.PAGER: less
[[1;36mDEBUG[m] env.PATH: /home/fear/.config/Code/User/globalStorage/github.copilot-chat/debugCommand:/home/fear/.config/Code/User/globalStorage/github.copilot-chat/copilotCli:/home/fear/.cargo/bin:/usr/local/sbin:/usr/local/bin:/usr/sbin:/usr/bin:/snap/bin
[[1;36mDEBUG[m] env.PROMPT: %F{green}%n@%m%f %F{yellow}%~%f %F{green}>%f 
[[1;36mDEBUG[m] env.PWD: /home/fear/Desktop/facu/DDS/TPA
[[1;36mDEBUG[m] env.QT_ACCESSIBILITY: 1
[[1;36mDEBUG[m] env.QT_IM_MODULE: ibus
[[1;36mDEBUG[m] env.SESSION_MANAGER: local/fear:@/tmp/.ICE-unix/2287,unix/fear:/tmp/.ICE-unix/2287
[[1;36mDEBUG[m] env.SHELL: /usr/bin/zsh
[[1;36mDEBUG[m] env.SHLVL: 2
[[1;36mDEBUG[m] env.SSH_AUTH_SOCK: /run/user/1000/keyring/ssh
[[1;36mDEBUG[m] env.SYSTEMD_EXEC_PID: 2508
[[1;36mDEBUG[m] env.TERM: xterm-256color
[[1;36mDEBUG[m] env.TERMINFO: /usr/lib/kitty/terminfo
[[1;36mDEBUG[m] env.TERM_PROGRAM: vscode
[[1;36mDEBUG[m] env.TERM_PROGRAM_VERSION: 1.121.0
[[1;36mDEBUG[m] env.USER: fear
[[1;36mDEBUG[m] env.USERNAME: fear
[[1;36mDEBUG[m] env.USER_ZDOTDIR: /home/fear
[[1;36mDEBUG[m] env.VSCODE_GIT_ASKPASS_EXTRA_ARGS: 
[[1;36mDEBUG[m] env.VSCODE_GIT_ASKPASS_MAIN: /usr/share/code/resources/app/extensions/git/dist/askpass-main.js
[[1;36mDEBUG[m] env.VSCODE_GIT_ASKPASS_NODE: /usr/share/code/code
[[1;36mDEBUG[m] env.VSCODE_GIT_IPC_HANDLE: /run/user/1000/vscode-git-cc04239677.sock
[[1;36mDEBUG[m] env.VSCODE_INJECTION: 1
[[1;36mDEBUG[m] env.VSCODE_PYTHON_AUTOACTIVATE_GUARD: 1
[[1;36mDEBUG[m] env.WAYLAND_DISPLAY: wayland-0
[[1;36mDEBUG[m] env.XAUTHORITY: /run/user/1000/.mutter-Xwaylandauth.MHEKP3
[[1;36mDEBUG[m] env.XDG_CURRENT_DESKTOP: GNOME
[[1;36mDEBUG[m] env.XDG_DATA_DIRS: /home/fear/.local/share/flatpak/exports/share:/var/lib/flatpak/exports/share:/usr/local/share/:/usr/share/:/var/lib/snapd/desktop
[[1;36mDEBUG[m] env.XDG_MENU_PREFIX: gnome-
[[1;36mDEBUG[m] env.XDG_RUNTIME_DIR: /run/user/1000
[[1;36mDEBUG[m] env.XDG_SESSION_CLASS: user
[[1;36mDEBUG[m] env.XDG_SESSION_DESKTOP: gnome
[[1;36mDEBUG[m] env.XDG_SESSION_TYPE: wayland
[[1;36mDEBUG[m] env.XMODIFIERS: @im=ibus
[[1;36mDEBUG[m] env.ZDOTDIR: /home/fear
[[1;36mDEBUG[m] env.ZSH: /home/fear/.oh-my-zsh
[[1;36mDEBUG[m] env._: /usr/bin/mvn
[[1;36mDEBUG[m] file.encoding: UTF-8
[[1;36mDEBUG[m] file.separator: /
[[1;36mDEBUG[m] jansi.mode: force
[[1;36mDEBUG[m] java.class.path: /usr/share/maven/boot/plexus-classworlds-2.x.jar
[[1;36mDEBUG[m] java.class.version: 65.0
[[1;36mDEBUG[m] java.home: /usr/lib/jvm/java-21-openjdk-amd64
[[1;36mDEBUG[m] java.io.tmpdir: /tmp
[[1;36mDEBUG[m] java.library.path: /usr/java/packages/lib:/usr/lib/x86_64-linux-gnu/jni:/lib/x86_64-linux-gnu:/usr/lib/x86_64-linux-gnu:/usr/lib/jni:/lib:/usr/lib
[[1;36mDEBUG[m] java.runtime.name: OpenJDK Runtime Environment
[[1;36mDEBUG[m] java.runtime.version: 21.0.11+10-1-deb13u2-Debian
[[1;36mDEBUG[m] java.specification.name: Java Platform API Specification
[[1;36mDEBUG[m] java.specification.vendor: Oracle Corporation
[[1;36mDEBUG[m] java.specification.version: 21
[[1;36mDEBUG[m] java.vendor: Debian
[[1;36mDEBUG[m] java.vendor.url: https://tracker.debian.org/openjdk-21
[[1;36mDEBUG[m] java.vendor.url.bug: https://bugs.debian.org/openjdk-21
[[1;36mDEBUG[m] java.version: 21.0.11
[[1;36mDEBUG[m] java.version.date: 2026-04-21
[[1;36mDEBUG[m] java.vm.compressedOopsMode: 32-bit
[[1;36mDEBUG[m] java.vm.info: mixed mode, sharing
[[1;36mDEBUG[m] java.vm.name: OpenJDK 64-Bit Server VM
[[1;36mDEBUG[m] java.vm.specification.name: Java Virtual Machine Specification
[[1;36mDEBUG[m] java.vm.specification.vendor: Oracle Corporation
[[1;36mDEBUG[m] java.vm.specification.version: 21
[[1;36mDEBUG[m] java.vm.vendor: Debian
[[1;36mDEBUG[m] java.vm.version: 21.0.11+10-1-deb13u2-Debian
[[1;36mDEBUG[m] jdk.debug: release
[[1;36mDEBUG[m] library.jansi.path: /usr/share/maven/lib/jansi-native
[[1;36mDEBUG[m] line.separator: 

[[1;36mDEBUG[m] maven.build.timestamp: 2026-05-22T01:37:30Z
[[1;36mDEBUG[m] maven.build.version: Apache Maven 3.9.9
[[1;36mDEBUG[m] maven.compiler.source: 17
[[1;36mDEBUG[m] maven.compiler.target: 17
[[1;36mDEBUG[m] maven.conf: /usr/share/maven/conf
[[1;36mDEBUG[m] maven.home: /usr/share/maven
[[1;36mDEBUG[m] maven.multiModuleProjectDirectory: /home/fear/Desktop/facu/DDS/TPA
[[1;36mDEBUG[m] maven.version: 3.9.9
[[1;36mDEBUG[m] native.encoding: UTF-8
[[1;36mDEBUG[m] os.arch: amd64
[[1;36mDEBUG[m] os.name: Linux
[[1;36mDEBUG[m] os.version: 7.0.7+deb14-amd64
[[1;36mDEBUG[m] path.separator: :
[[1;36mDEBUG[m] project.baseUri: file:/home/fear/Desktop/facu/DDS/TPA/
[[1;36mDEBUG[m] project.build.sourceEncoding: UTF-8
[[1;36mDEBUG[m] stderr.encoding: UTF-8
[[1;36mDEBUG[m] stdout.encoding: UTF-8
[[1;36mDEBUG[m] sun.arch.data.model: 64
[[1;36mDEBUG[m] sun.boot.library.path: /usr/lib/jvm/java-21-openjdk-amd64/lib
[[1;36mDEBUG[m] sun.cpu.endian: little
[[1;36mDEBUG[m] sun.io.unicode.encoding: UnicodeLittle
[[1;36mDEBUG[m] sun.java.command: org.codehaus.plexus.classworlds.launcher.Launcher clean compile test -X
[[1;36mDEBUG[m] sun.java.launcher: SUN_STANDARD
[[1;36mDEBUG[m] sun.jnu.encoding: UTF-8
[[1;36mDEBUG[m] sun.management.compiler: HotSpot 64-Bit Tiered Compilers
[[1;36mDEBUG[m] user.country: US
[[1;36mDEBUG[m] user.dir: /home/fear/Desktop/facu/DDS/TPA
[[1;36mDEBUG[m] user.home: /home/fear
[[1;36mDEBUG[m] user.language: en
[[1;36mDEBUG[m] user.name: fear
[[1;36mDEBUG[m] Using 'UTF-8' encoding to copy filtered resources.
[[1;36mDEBUG[m] Using 'UTF-8' encoding to copy filtered properties files.
[[1;36mDEBUG[m] resource with targetPath null
directory /home/fear/Desktop/facu/DDS/TPA/src/main/resources
excludes []
includes []
[[1;34mINFO[m] skip non existing resourceDirectory /home/fear/Desktop/facu/DDS/TPA/src/main/resources
[[1;36mDEBUG[m] no user filter components
[[1;34mINFO[m] 
[[1;34mINFO[m] [1m--- [0;32mcompiler:3.13.0:compile[m [1m(default-compile)[m @ [36mTPA[0;1m ---[m
[[1;36mDEBUG[m] Using mirror maven-default-http-blocker (http://0.0.0.0/) for apache.snapshots (http://repository.apache.org/snapshots).
[[1;36mDEBUG[m] Dependency collection stats {ConflictMarker.analyzeTime=220001, ConflictMarker.markTime=158190, ConflictMarker.nodeCount=22, ConflictIdSorter.graphTime=66349, ConflictIdSorter.topsortTime=55873, ConflictIdSorter.conflictIdCount=14, ConflictIdSorter.conflictIdCycleCount=0, ConflictResolver.totalTime=1898848, ConflictResolver.conflictItemCount=22, DfDependencyCollector.collectTime=161337682, DfDependencyCollector.transformTime=2474689}
[[1;36mDEBUG[m] org.apache.maven.plugins:maven-compiler-plugin:jar:3.13.0
[[1;36mDEBUG[m]    org.apache.maven.shared:maven-shared-utils:jar:3.4.2:compile
[[1;36mDEBUG[m]       org.slf4j:slf4j-api:jar:1.7.36:compile
[[1;36mDEBUG[m]       commons-io:commons-io:jar:2.11.0:compile
[[1;36mDEBUG[m]    org.apache.maven.shared:maven-shared-incremental:jar:1.1:compile
[[1;36mDEBUG[m]    org.codehaus.plexus:plexus-java:jar:1.2.0:compile
[[1;36mDEBUG[m]       org.ow2.asm:asm:jar:9.6:compile
[[1;36mDEBUG[m]       com.thoughtworks.qdox:qdox:jar:2.0.3:compile
[[1;36mDEBUG[m]    org.codehaus.plexus:plexus-compiler-api:jar:2.15.0:compile
[[1;36mDEBUG[m]    org.codehaus.plexus:plexus-compiler-manager:jar:2.15.0:compile
[[1;36mDEBUG[m]       javax.inject:javax.inject:jar:1:compile
[[1;36mDEBUG[m]       org.codehaus.plexus:plexus-xml:jar:3.0.0:compile (version managed from default)
[[1;36mDEBUG[m]    org.codehaus.plexus:plexus-compiler-javac:jar:2.15.0:runtime
[[1;36mDEBUG[m]    org.codehaus.plexus:plexus-utils:jar:4.0.0:compile
[[1;36mDEBUG[m] Created new class realm plugin>org.apache.maven.plugins:maven-compiler-plugin:3.13.0
[[1;36mDEBUG[m] Importing foreign packages into class realm plugin>org.apache.maven.plugins:maven-compiler-plugin:3.13.0
[[1;36mDEBUG[m]   Imported:  < maven.api
[[1;36mDEBUG[m] Populating class realm plugin>org.apache.maven.plugins:maven-compiler-plugin:3.13.0
[[1;36mDEBUG[m]   Included: org.apache.maven.plugins:maven-compiler-plugin:jar:3.13.0
[[1;36mDEBUG[m]   Included: org.apache.maven.shared:maven-shared-utils:jar:3.4.2
[[1;36mDEBUG[m]   Included: commons-io:commons-io:jar:2.11.0
[[1;36mDEBUG[m]   Included: org.apache.maven.shared:maven-shared-incremental:jar:1.1
[[1;36mDEBUG[m]   Included: org.codehaus.plexus:plexus-java:jar:1.2.0
[[1;36mDEBUG[m]   Included: org.ow2.asm:asm:jar:9.6
[[1;36mDEBUG[m]   Included: com.thoughtworks.qdox:qdox:jar:2.0.3
[[1;36mDEBUG[m]   Included: org.codehaus.plexus:plexus-compiler-api:jar:2.15.0
[[1;36mDEBUG[m]   Included: org.codehaus.plexus:plexus-compiler-manager:jar:2.15.0
[[1;36mDEBUG[m]   Included: org.codehaus.plexus:plexus-xml:jar:3.0.0
[[1;36mDEBUG[m]   Included: org.codehaus.plexus:plexus-compiler-javac:jar:2.15.0
[[1;36mDEBUG[m]   Included: org.codehaus.plexus:plexus-utils:jar:4.0.0
[[1;36mDEBUG[m] Loading mojo org.apache.maven.plugins:maven-compiler-plugin:3.13.0:compile from plugin realm ClassRealm[plugin>org.apache.maven.plugins:maven-compiler-plugin:3.13.0, parent: jdk.internal.loader.ClassLoaders$AppClassLoader@639fee48]
[[1;36mDEBUG[m] Configuring mojo execution 'org.apache.maven.plugins:maven-compiler-plugin:3.13.0:compile:default-compile' with basic configurator -->
[[1;36mDEBUG[m]   (f) annotationProcessorPathsUseDepMgmt = false
[[1;36mDEBUG[m]   (f) basedir = /home/fear/Desktop/facu/DDS/TPA
[[1;36mDEBUG[m]   (f) buildDirectory = /home/fear/Desktop/facu/DDS/TPA/target
[[1;36mDEBUG[m]   (f) compilePath = [/home/fear/Desktop/facu/DDS/TPA/target/classes, /home/fear/.m2/repository/org/jetbrains/annotations/26.1.0/annotations-26.1.0.jar, /home/fear/.m2/repository/org/apache/commons/commons-csv/1.14.1/commons-csv-1.14.1.jar, /home/fear/.m2/repository/commons-io/commons-io/2.20.0/commons-io-2.20.0.jar, /home/fear/.m2/repository/commons-codec/commons-codec/1.19.0/commons-codec-1.19.0.jar]
[[1;36mDEBUG[m]   (f) compileSourceRoots = [/home/fear/Desktop/facu/DDS/TPA/src/main/java]
[[1;36mDEBUG[m]   (f) compilerId = javac
[[1;36mDEBUG[m]   (f) createMissingPackageInfoClass = true
[[1;36mDEBUG[m]   (f) debug = true
[[1;36mDEBUG[m]   (f) debugFileName = javac
[[1;36mDEBUG[m]   (f) enablePreview = false
[[1;36mDEBUG[m]   (f) encoding = UTF-8
[[1;36mDEBUG[m]   (f) failOnError = true
[[1;36mDEBUG[m]   (f) failOnWarning = false
[[1;36mDEBUG[m]   (f) fileExtensions = [jar, class]
[[1;36mDEBUG[m]   (f) forceJavacCompilerUse = false
[[1;36mDEBUG[m]   (f) forceLegacyJavacApi = false
[[1;36mDEBUG[m]   (f) fork = false
[[1;36mDEBUG[m]   (f) generatedSourcesDirectory = /home/fear/Desktop/facu/DDS/TPA/target/generated-sources/annotations
[[1;36mDEBUG[m]   (f) mojoExecution = org.apache.maven.plugins:maven-compiler-plugin:3.13.0:compile {execution: default-compile}
[[1;36mDEBUG[m]   (f) optimize = false
[[1;36mDEBUG[m]   (f) outputDirectory = /home/fear/Desktop/facu/DDS/TPA/target/classes
[[1;36mDEBUG[m]   (f) parameters = false
[[1;36mDEBUG[m]   (f) project = MavenProject: org.donaciones:TPA:1.0-SNAPSHOT @ /home/fear/Desktop/facu/DDS/TPA/pom.xml
[[1;36mDEBUG[m]   (f) projectArtifact = org.donaciones:TPA:jar:1.0-SNAPSHOT
[[1;36mDEBUG[m]   (f) session = org.apache.maven.execution.MavenSession@9d7ccfe
[[1;36mDEBUG[m]   (f) showCompilationChanges = false
[[1;36mDEBUG[m]   (f) showDeprecation = false
[[1;36mDEBUG[m]   (f) showWarnings = true
[[1;36mDEBUG[m]   (f) skipMultiThreadWarning = false
[[1;36mDEBUG[m]   (f) source = 17
[[1;36mDEBUG[m]   (f) staleMillis = 0
[[1;36mDEBUG[m]   (s) target = 17
[[1;36mDEBUG[m]   (f) useIncrementalCompilation = true
[[1;36mDEBUG[m]   (f) verbose = false
[[1;36mDEBUG[m] -- end configuration --
[[1;36mDEBUG[m] Using compiler 'javac'.
[[1;36mDEBUG[m] Adding /home/fear/Desktop/facu/DDS/TPA/target/generated-sources/annotations to compile source roots:
  /home/fear/Desktop/facu/DDS/TPA/src/main/java
[[1;36mDEBUG[m] New compile source roots:
  /home/fear/Desktop/facu/DDS/TPA/src/main/java
  /home/fear/Desktop/facu/DDS/TPA/target/generated-sources/annotations
[[1;36mDEBUG[m] CompilerReuseStrategy: reuseCreated
[[1;36mDEBUG[m] useIncrementalCompilation enabled
[[1;34mINFO[m] 	Stale source detected: /home/fear/Desktop/facu/DDS/TPA/src/main/java/Necesidad.java
[[1;34mINFO[m] 	Stale source detected: /home/fear/Desktop/facu/DDS/TPA/src/main/java/NecesidadExtra.java
[[1;34mINFO[m] 	Stale source detected: /home/fear/Desktop/facu/DDS/TPA/src/main/java/notificacion/EstrategiaDeNotificacion.java
[[1;34mINFO[m] 	Stale source detected: /home/fear/Desktop/facu/DDS/TPA/src/main/java/EstadoDonacionIndependiente.java
[[1;34mINFO[m] 	Stale source detected: /home/fear/Desktop/facu/DDS/TPA/src/main/java/DonacionIndependiente.java
[[1;34mINFO[m] 	Stale source detected: /home/fear/Desktop/facu/DDS/TPA/src/main/java/donante/RazonSocial.java
[[1;34mINFO[m] 	Stale source detected: /home/fear/Desktop/facu/DDS/TPA/src/main/java/notificacion/EstadoNotificacion.java
[[1;34mINFO[m] 	Stale source detected: /home/fear/Desktop/facu/DDS/TPA/src/main/java/Subcategoria.java
[[1;34mINFO[m] 	Stale source detected: /home/fear/Desktop/facu/DDS/TPA/src/main/java/AsignacionItem.java
[[1;34mINFO[m] 	Stale source detected: /home/fear/Desktop/facu/DDS/TPA/src/main/java/donante/Genero.java
[[1;34mINFO[m] 	Stale source detected: /home/fear/Desktop/facu/DDS/TPA/src/main/java/SistemaDonaciones.java
[[1;34mINFO[m] 	Stale source detected: /home/fear/Desktop/facu/DDS/TPA/src/main/java/cargaCSV/ImportadorDonantesCSV.java
[[1;34mINFO[m] 	Stale source detected: /home/fear/Desktop/facu/DDS/TPA/src/main/java/notificacion/NotificacionPorSMS.java
[[1;34mINFO[m] 	Stale source detected: /home/fear/Desktop/facu/DDS/TPA/src/main/java/notificacion/NotificacionPorEmail.java
[[1;34mINFO[m] 	Stale source detected: /home/fear/Desktop/facu/DDS/TPA/src/main/java/Periodo.java
[[1;34mINFO[m] 	Stale source detected: /home/fear/Desktop/facu/DDS/TPA/src/main/java/DonacionEntrante.java
[[1;34mINFO[m] 	Stale source detected: /home/fear/Desktop/facu/DDS/TPA/src/main/java/Bien.java
[[1;34mINFO[m] 	Stale source detected: /home/fear/Desktop/facu/DDS/TPA/src/main/java/cargaCSV/MapeoCsvEnDonanteException.java
[[1;34mINFO[m] 	Stale source detected: /home/fear/Desktop/facu/DDS/TPA/src/main/java/donante/PersonaHumana.java
[[1;34mINFO[m] 	Stale source detected: /home/fear/Desktop/facu/DDS/TPA/src/main/java/donante/Contacto.java
[[1;34mINFO[m] 	Stale source detected: /home/fear/Desktop/facu/DDS/TPA/src/main/java/Asignacion.java
[[1;34mINFO[m] 	Stale source detected: /home/fear/Desktop/facu/DDS/TPA/src/main/java/donante/Persona.java
[[1;34mINFO[m] 	Stale source detected: /home/fear/Desktop/facu/DDS/TPA/src/main/java/Categoria.java
[[1;34mINFO[m] 	Stale source detected: /home/fear/Desktop/facu/DDS/TPA/src/main/java/notificacion/ServicioDeNotificacion.java
[[1;34mINFO[m] 	Stale source detected: /home/fear/Desktop/facu/DDS/TPA/src/main/java/notificacion/Notificacion.java
[[1;34mINFO[m] 	Stale source detected: /home/fear/Desktop/facu/DDS/TPA/src/main/java/EstadoBien.java
[[1;34mINFO[m] 	Stale source detected: /home/fear/Desktop/facu/DDS/TPA/src/main/java/donante/TipoDoc.java
[[1;34mINFO[m] 	Stale source detected: /home/fear/Desktop/facu/DDS/TPA/src/main/java/donante/TipoContacto.java
[[1;34mINFO[m] 	Stale source detected: /home/fear/Desktop/facu/DDS/TPA/src/main/java/NecesidadRecurrente.java
[[1;34mINFO[m] 	Stale source detected: /home/fear/Desktop/facu/DDS/TPA/src/main/java/donante/Usuario.java
[[1;34mINFO[m] 	Stale source detected: /home/fear/Desktop/facu/DDS/TPA/src/main/java/EstadoAsignacion.java
[[1;34mINFO[m] 	Stale source detected: /home/fear/Desktop/facu/DDS/TPA/src/main/java/RegistroCambioEstado.java
[[1;34mINFO[m] 	Stale source detected: /home/fear/Desktop/facu/DDS/TPA/src/main/java/donante/PersonaJuridica.java
[[1;34mINFO[m] 	Stale source detected: /home/fear/Desktop/facu/DDS/TPA/src/main/java/notificacion/NotificacionPorWhatsApp.java
[[1;34mINFO[m] 	Input tree files (+): /home/fear/Desktop/facu/DDS/TPA/src/main/java/Asignacion.java
[[1;34mINFO[m] 	Input tree files (+): /home/fear/Desktop/facu/DDS/TPA/src/main/java/AsignacionItem.java
[[1;34mINFO[m] 	Input tree files (+): /home/fear/Desktop/facu/DDS/TPA/src/main/java/Bien.java
[[1;34mINFO[m] 	Input tree files (+): /home/fear/Desktop/facu/DDS/TPA/src/main/java/Categoria.java
[[1;34mINFO[m] 	Input tree files (+): /home/fear/Desktop/facu/DDS/TPA/src/main/java/DonacionEntrante.java
[[1;34mINFO[m] 	Input tree files (+): /home/fear/Desktop/facu/DDS/TPA/src/main/java/DonacionIndependiente.java
[[1;34mINFO[m] 	Input tree files (+): /home/fear/Desktop/facu/DDS/TPA/src/main/java/EstadoAsignacion.java
[[1;34mINFO[m] 	Input tree files (+): /home/fear/Desktop/facu/DDS/TPA/src/main/java/EstadoBien.java
[[1;34mINFO[m] 	Input tree files (+): /home/fear/Desktop/facu/DDS/TPA/src/main/java/EstadoDonacionIndependiente.java
[[1;34mINFO[m] 	Input tree files (+): /home/fear/Desktop/facu/DDS/TPA/src/main/java/Necesidad.java
[[1;34mINFO[m] 	Input tree files (+): /home/fear/Desktop/facu/DDS/TPA/src/main/java/NecesidadExtra.java
[[1;34mINFO[m] 	Input tree files (+): /home/fear/Desktop/facu/DDS/TPA/src/main/java/NecesidadRecurrente.java
[[1;34mINFO[m] 	Input tree files (+): /home/fear/Desktop/facu/DDS/TPA/src/main/java/Periodo.java
[[1;34mINFO[m] 	Input tree files (+): /home/fear/Desktop/facu/DDS/TPA/src/main/java/RegistroCambioEstado.java
[[1;34mINFO[m] 	Input tree files (+): /home/fear/Desktop/facu/DDS/TPA/src/main/java/SistemaDonaciones.java
[[1;34mINFO[m] 	Input tree files (+): /home/fear/Desktop/facu/DDS/TPA/src/main/java/Subcategoria.java
[[1;34mINFO[m] 	Input tree files (+): /home/fear/Desktop/facu/DDS/TPA/src/main/java/cargaCSV/ImportadorDonantesCSV.java
[[1;34mINFO[m] 	Input tree files (+): /home/fear/Desktop/facu/DDS/TPA/src/main/java/cargaCSV/MapeoCsvEnDonanteException.java
[[1;34mINFO[m] 	Input tree files (+): /home/fear/Desktop/facu/DDS/TPA/src/main/java/donante/Contacto.java
[[1;34mINFO[m] 	Input tree files (+): /home/fear/Desktop/facu/DDS/TPA/src/main/java/donante/Genero.java
[[1;34mINFO[m] 	Input tree files (+): /home/fear/Desktop/facu/DDS/TPA/src/main/java/donante/Persona.java
[[1;34mINFO[m] 	Input tree files (+): /home/fear/Desktop/facu/DDS/TPA/src/main/java/donante/PersonaHumana.java
[[1;34mINFO[m] 	Input tree files (+): /home/fear/Desktop/facu/DDS/TPA/src/main/java/donante/PersonaJuridica.java
[[1;34mINFO[m] 	Input tree files (+): /home/fear/Desktop/facu/DDS/TPA/src/main/java/donante/RazonSocial.java
[[1;34mINFO[m] 	Input tree files (+): /home/fear/Desktop/facu/DDS/TPA/src/main/java/donante/TipoContacto.java
[[1;34mINFO[m] 	Input tree files (+): /home/fear/Desktop/facu/DDS/TPA/src/main/java/donante/TipoDoc.java
[[1;34mINFO[m] 	Input tree files (+): /home/fear/Desktop/facu/DDS/TPA/src/main/java/donante/Usuario.java
[[1;34mINFO[m] 	Input tree files (+): /home/fear/Desktop/facu/DDS/TPA/src/main/java/notificacion/EstadoNotificacion.java
[[1;34mINFO[m] 	Input tree files (+): /home/fear/Desktop/facu/DDS/TPA/src/main/java/notificacion/EstrategiaDeNotificacion.java
[[1;34mINFO[m] 	Input tree files (+): /home/fear/Desktop/facu/DDS/TPA/src/main/java/notificacion/Notificacion.java
[[1;34mINFO[m] 	Input tree files (+): /home/fear/Desktop/facu/DDS/TPA/src/main/java/notificacion/NotificacionPorEmail.java
[[1;34mINFO[m] 	Input tree files (+): /home/fear/Desktop/facu/DDS/TPA/src/main/java/notificacion/NotificacionPorSMS.java
[[1;34mINFO[m] 	Input tree files (+): /home/fear/Desktop/facu/DDS/TPA/src/main/java/notificacion/NotificacionPorWhatsApp.java
[[1;34mINFO[m] 	Input tree files (+): /home/fear/Desktop/facu/DDS/TPA/src/main/java/notificacion/ServicioDeNotificacion.java
[[1;34mINFO[m] Recompiling the module because of [1mchanged source code[m.
[[1;36mDEBUG[m] Classpath:
[[1;36mDEBUG[m]  /home/fear/Desktop/facu/DDS/TPA/target/classes
[[1;36mDEBUG[m]  /home/fear/.m2/repository/org/jetbrains/annotations/26.1.0/annotations-26.1.0.jar
[[1;36mDEBUG[m]  /home/fear/.m2/repository/org/apache/commons/commons-csv/1.14.1/commons-csv-1.14.1.jar
[[1;36mDEBUG[m]  /home/fear/.m2/repository/commons-io/commons-io/2.20.0/commons-io-2.20.0.jar
[[1;36mDEBUG[m]  /home/fear/.m2/repository/commons-codec/commons-codec/1.19.0/commons-codec-1.19.0.jar
[[1;36mDEBUG[m] Source roots:
[[1;36mDEBUG[m]  /home/fear/Desktop/facu/DDS/TPA/src/main/java
[[1;36mDEBUG[m]  /home/fear/Desktop/facu/DDS/TPA/target/generated-sources/annotations
[[1;36mDEBUG[m] Command line options:
[[1;36mDEBUG[m] -d /home/fear/Desktop/facu/DDS/TPA/target/classes -classpath /home/fear/Desktop/facu/DDS/TPA/target/classes:/home/fear/.m2/repository/org/jetbrains/annotations/26.1.0/annotations-26.1.0.jar:/home/fear/.m2/repository/org/apache/commons/commons-csv/1.14.1/commons-csv-1.14.1.jar:/home/fear/.m2/repository/commons-io/commons-io/2.20.0/commons-io-2.20.0.jar:/home/fear/.m2/repository/commons-codec/commons-codec/1.19.0/commons-codec-1.19.0.jar: -sourcepath /home/fear/Desktop/facu/DDS/TPA/src/main/java:/home/fear/Desktop/facu/DDS/TPA/target/generated-sources/annotations: -s /home/fear/Desktop/facu/DDS/TPA/target/generated-sources/annotations -g -target 17 -source 17 -encoding UTF-8 -XDuseUnsharedTable=true
[[1;36mDEBUG[m] incrementalBuildHelper#beforeRebuildExecution
[[1;34mINFO[m] Compiling 34 source files with javac [debug target 17] to target/classes
[[1;36mDEBUG[m] incrementalBuildHelper#afterRebuildExecution
[[1;34mINFO[m] /home/fear/Desktop/facu/DDS/TPA/src/main/java/cargaCSV/ImportadorDonantesCSV.java: /home/fear/Desktop/facu/DDS/TPA/src/main/java/cargaCSV/ImportadorDonantesCSV.java uses or overrides a deprecated API.
[[1;34mINFO[m] /home/fear/Desktop/facu/DDS/TPA/src/main/java/cargaCSV/ImportadorDonantesCSV.java: Recompile with -Xlint:deprecation for details.
[[1;34mINFO[m] -------------------------------------------------------------
[[1;33mWARNING[m] COMPILATION WARNING : 
[[1;34mINFO[m] -------------------------------------------------------------
[[1;33mWARNING[m] system modules path not set in conjunction with -source 17
[[1;34mINFO[m] 1 warning
[[1;34mINFO[m] -------------------------------------------------------------
[[1;34mINFO[m] -------------------------------------------------------------
[[1;31mERROR[m] COMPILATION ERROR : 
[[1;34mINFO[m] -------------------------------------------------------------
[[1;31mERROR[m] /home/fear/Desktop/facu/DDS/TPA/src/main/java/notificacion/ServicioDeNotificacion.java:[4,15] cannot find symbol
  symbol:   class Donante
  location: package donante
[[1;31mERROR[m] /home/fear/Desktop/facu/DDS/TPA/src/main/java/notificacion/ServicioDeNotificacion.java:[10,41] cannot find symbol
  symbol:   class Donante
  location: class notificacion.ServicioDeNotificacion
[[1;31mERROR[m] /home/fear/Desktop/facu/DDS/TPA/src/main/java/Asignacion.java:[17,13] cannot find symbol
  symbol: variable bienes
[[1;31mERROR[m] /home/fear/Desktop/facu/DDS/TPA/src/main/java/Asignacion.java:[21,33] cannot find symbol
  symbol: variable bienes
[[1;31mERROR[m] /home/fear/Desktop/facu/DDS/TPA/src/main/java/Asignacion.java:[28,21] cannot find symbol
  symbol: variable bienes
[[1;31mERROR[m] /home/fear/Desktop/facu/DDS/TPA/src/main/java/Asignacion.java:[30,21] cannot find symbol
  symbol: variable bienes
[[1;31mERROR[m] /home/fear/Desktop/facu/DDS/TPA/src/main/java/Asignacion.java:[31,21] cannot find symbol
  symbol: variable bienes
[[1;31mERROR[m] /home/fear/Desktop/facu/DDS/TPA/src/main/java/Asignacion.java:[37,16] cannot find symbol
  symbol:   variable bienes
  location: class Asignacion
[[1;34mINFO[m] 8 errors 
[[1;34mINFO[m] -------------------------------------------------------------
[[1;34mINFO[m] [1m------------------------------------------------------------------------[m
[[1;34mINFO[m] [1;31mBUILD FAILURE[m
[[1;34mINFO[m] [1m------------------------------------------------------------------------[m
[[1;34mINFO[m] Total time:  5.831 s
[[1;34mINFO[m] Finished at: 2026-05-21T22:37:34-03:00
[[1;34mINFO[m] [1m------------------------------------------------------------------------[m
[[1;31mERROR[m] Failed to execute goal [32morg.apache.maven.plugins:maven-compiler-plugin:3.13.0:compile[m [1m(default-compile)[m on project [36mTPA[m: [1;31mCompilation failure[m: Compilation failure: 
[[1;31mERROR[m] /home/fear/Desktop/facu/DDS/TPA/src/main/java/notificacion/ServicioDeNotificacion.java:[4,15] cannot find symbol
[[1;31mERROR[m]   symbol:   class Donante
[[1;31mERROR[m]   location: package donante
[[1;31mERROR[m] /home/fear/Desktop/facu/DDS/TPA/src/main/java/notificacion/ServicioDeNotificacion.java:[10,41] cannot find symbol
[[1;31mERROR[m]   symbol:   class Donante
[[1;31mERROR[m]   location: class notificacion.ServicioDeNotificacion
[[1;31mERROR[m] /home/fear/Desktop/facu/DDS/TPA/src/main/java/Asignacion.java:[17,13] cannot find symbol
[[1;31mERROR[m]   symbol: variable bienes
[[1;31mERROR[m] /home/fear/Desktop/facu/DDS/TPA/src/main/java/Asignacion.java:[21,33] cannot find symbol
[[1;31mERROR[m]   symbol: variable bienes
[[1;31mERROR[m] /home/fear/Desktop/facu/DDS/TPA/src/main/java/Asignacion.java:[28,21] cannot find symbol
[[1;31mERROR[m]   symbol: variable bienes
[[1;31mERROR[m] /home/fear/Desktop/facu/DDS/TPA/src/main/java/Asignacion.java:[30,21] cannot find symbol
[[1;31mERROR[m]   symbol: variable bienes
[[1;31mERROR[m] /home/fear/Desktop/facu/DDS/TPA/src/main/java/Asignacion.java:[31,21] cannot find symbol
[[1;31mERROR[m]   symbol: variable bienes
[[1;31mERROR[m] /home/fear/Desktop/facu/DDS/TPA/src/main/java/Asignacion.java:[37,16] cannot find symbol
[[1;31mERROR[m]   symbol:   variable bienes
[[1;31mERROR[m]   location: class Asignacion
[[1;31mERROR[m] -> [1m[Help 1][m
[1;31morg.apache.maven.lifecycle.LifecycleExecutionException[m: [1;31mFailed to execute goal [32morg.apache.maven.plugins:maven-compiler-plugin:3.13.0:compile[m [1m(default-compile)[m on project [36mTPA[m: [1;31mCompilation failure[m[m
    [1mat[m org.apache.maven.lifecycle.internal.MojoExecutor.doExecute2 ([1mMojoExecutor.java:333[m)
    [1mat[m org.apache.maven.lifecycle.internal.MojoExecutor.doExecute ([1mMojoExecutor.java:316[m)
    [1mat[m org.apache.maven.lifecycle.internal.MojoExecutor.execute ([1mMojoExecutor.java:212[m)
    [1mat[m org.apache.maven.lifecycle.internal.MojoExecutor.execute ([1mMojoExecutor.java:174[m)
    [1mat[m org.apache.maven.lifecycle.internal.MojoExecutor.access$000 ([1mMojoExecutor.java:75[m)
    [1mat[m org.apache.maven.lifecycle.internal.MojoExecutor$1.run ([1mMojoExecutor.java:162[m)
    [1mat[m org.apache.maven.plugin.DefaultMojosExecutionStrategy.execute ([1mDefaultMojosExecutionStrategy.java:39[m)
    [1mat[m org.apache.maven.lifecycle.internal.MojoExecutor.execute ([1mMojoExecutor.java:159[m)
    [1mat[m org.apache.maven.lifecycle.internal.LifecycleModuleBuilder.buildProject ([1mLifecycleModuleBuilder.java:105[m)
    [1mat[m org.apache.maven.lifecycle.internal.LifecycleModuleBuilder.buildProject ([1mLifecycleModuleBuilder.java:73[m)
    [1mat[m org.apache.maven.lifecycle.internal.builder.singlethreaded.SingleThreadedBuilder.build ([1mSingleThreadedBuilder.java:53[m)
    [1mat[m org.apache.maven.lifecycle.internal.LifecycleStarter.execute ([1mLifecycleStarter.java:118[m)
    [1mat[m org.apache.maven.DefaultMaven.doExecute ([1mDefaultMaven.java:261[m)
    [1mat[m org.apache.maven.DefaultMaven.doExecute ([1mDefaultMaven.java:173[m)
    [1mat[m org.apache.maven.DefaultMaven.execute ([1mDefaultMaven.java:101[m)
    [1mat[m org.apache.maven.cli.MavenCli.execute ([1mMavenCli.java:906[m)
    [1mat[m org.apache.maven.cli.MavenCli.doMain ([1mMavenCli.java:283[m)
    [1mat[m org.apache.maven.cli.MavenCli.main ([1mMavenCli.java:206[m)
    [1mat[m jdk.internal.reflect.DirectMethodHandleAccessor.invoke ([1mDirectMethodHandleAccessor.java:103[m)
    [1mat[m java.lang.reflect.Method.invoke ([1mMethod.java:580[m)
    [1mat[m org.codehaus.plexus.classworlds.launcher.Launcher.launchEnhanced ([1mLauncher.java:283[m)
    [1mat[m org.codehaus.plexus.classworlds.launcher.Launcher.launch ([1mLauncher.java:226[m)
    [1mat[m org.codehaus.plexus.classworlds.launcher.Launcher.mainWithExitCode ([1mLauncher.java:407[m)
    [1mat[m org.codehaus.plexus.classworlds.launcher.Launcher.main ([1mLauncher.java:348[m)
[1mCaused by[m: org.apache.maven.plugin.compiler.CompilationFailureException: [1;31mCompilation failure[m
    [1mat[m org.apache.maven.plugin.compiler.AbstractCompilerMojo.execute ([1mAbstractCompilerMojo.java:1309[m)
    [1mat[m org.apache.maven.plugin.compiler.CompilerMojo.execute ([1mCompilerMojo.java:215[m)
    [1mat[m org.apache.maven.plugin.DefaultBuildPluginManager.executeMojo ([1mDefaultBuildPluginManager.java:126[m)
    [1mat[m org.apache.maven.lifecycle.internal.MojoExecutor.doExecute2 ([1mMojoExecutor.java:328[m)
    [1mat[m org.apache.maven.lifecycle.internal.MojoExecutor.doExecute ([1mMojoExecutor.java:316[m)
    [1mat[m org.apache.maven.lifecycle.internal.MojoExecutor.execute ([1mMojoExecutor.java:212[m)
    [1mat[m org.apache.maven.lifecycle.internal.MojoExecutor.execute ([1mMojoExecutor.java:174[m)
    [1mat[m org.apache.maven.lifecycle.internal.MojoExecutor.access$000 ([1mMojoExecutor.java:75[m)
    [1mat[m org.apache.maven.lifecycle.internal.MojoExecutor$1.run ([1mMojoExecutor.java:162[m)
    [1mat[m org.apache.maven.plugin.DefaultMojosExecutionStrategy.execute ([1mDefaultMojosExecutionStrategy.java:39[m)
    [1mat[m org.apache.maven.lifecycle.internal.MojoExecutor.execute ([1mMojoExecutor.java:159[m)
    [1mat[m org.apache.maven.lifecycle.internal.LifecycleModuleBuilder.buildProject ([1mLifecycleModuleBuilder.java:105[m)
    [1mat[m org.apache.maven.lifecycle.internal.LifecycleModuleBuilder.buildProject ([1mLifecycleModuleBuilder.java:73[m)
    [1mat[m org.apache.maven.lifecycle.internal.builder.singlethreaded.SingleThreadedBuilder.build ([1mSingleThreadedBuilder.java:53[m)
    [1mat[m org.apache.maven.lifecycle.internal.LifecycleStarter.execute ([1mLifecycleStarter.java:118[m)
    [1mat[m org.apache.maven.DefaultMaven.doExecute ([1mDefaultMaven.java:261[m)
    [1mat[m org.apache.maven.DefaultMaven.doExecute ([1mDefaultMaven.java:173[m)
    [1mat[m org.apache.maven.DefaultMaven.execute ([1mDefaultMaven.java:101[m)
    [1mat[m org.apache.maven.cli.MavenCli.execute ([1mMavenCli.java:906[m)
    [1mat[m org.apache.maven.cli.MavenCli.doMain ([1mMavenCli.java:283[m)
    [1mat[m org.apache.maven.cli.MavenCli.main ([1mMavenCli.java:206[m)
    [1mat[m jdk.internal.reflect.DirectMethodHandleAccessor.invoke ([1mDirectMethodHandleAccessor.java:103[m)
    [1mat[m java.lang.reflect.Method.invoke ([1mMethod.java:580[m)
    [1mat[m org.codehaus.plexus.classworlds.launcher.Launcher.launchEnhanced ([1mLauncher.java:283[m)
    [1mat[m org.codehaus.plexus.classworlds.launcher.Launcher.launch ([1mLauncher.java:226[m)
    [1mat[m org.codehaus.plexus.classworlds.launcher.Launcher.mainWithExitCode ([1mLauncher.java:407[m)
    [1mat[m org.codehaus.plexus.classworlds.launcher.Launcher.main ([1mLauncher.java:348[m)
[[1;31mERROR[m] 
[[1;31mERROR[m] 
[[1;31mERROR[m] For more information about the errors and possible solutions, please read the following articles:
[[1;31mERROR[m] [1m[Help 1][m http://cwiki.apache.org/confluence/display/MAVEN/MojoFailureException
[[1;36mDEBUG[m] Shutting down adapter factory; available factories [file-lock, rwlock-local, semaphore-local, noop]; available name mappers [discriminating, file-gav, file-hgav, file-static, gav, static]
[[1;36mDEBUG[m] Shutting down 'file-lock' factory
[[1;36mDEBUG[m] Shutting down 'rwlock-local' factory
[[1;36mDEBUG[m] Shutting down 'semaphore-local' factory
[[1;36mDEBUG[m] Shutting down 'noop' factory
